Component: ARM Compiler 5.06 update 3 (build 300) Tool: armlink [4d35c9]

==============================================================================

Section Cross References

    startup_stm32l031xx.o(RESET) refers to startup_stm32l031xx.o(STACK) for __initial_sp
    startup_stm32l031xx.o(RESET) refers to startup_stm32l031xx.o(.text) for Reset_Handler
    startup_stm32l031xx.o(RESET) refers to stm32l0xx_it.o(i.NMI_Handler) for NMI_Handler
    startup_stm32l031xx.o(RESET) refers to stm32l0xx_it.o(i.HardFault_Handler) for HardFault_Handler
    startup_stm32l031xx.o(RESET) refers to stm32l0xx_it.o(i.SVC_Handler) for SVC_Handler
    startup_stm32l031xx.o(RESET) refers to stm32l0xx_it.o(i.PendSV_Handler) for PendSV_Handler
    startup_stm32l031xx.o(RESET) refers to stm32l0xx_it.o(i.SysTick_Handler) for SysTick_Handler
    startup_stm32l031xx.o(RESET) refers to main.o(i.RTC_IRQHandler) for RTC_IRQHandler
    startup_stm32l031xx.o(RESET) refers to stm32l0xx_it.o(i.EXTI0_1_IRQHandler) for EXTI0_1_IRQHandler
    startup_stm32l031xx.o(RESET) refers to stm32l0xx_it.o(i.EXTI2_3_IRQHandler) for EXTI2_3_IRQHandler
    startup_stm32l031xx.o(RESET) refers to main.o(i.TIM2_IRQHandler) for TIM2_IRQHandler
    startup_stm32l031xx.o(RESET) refers to main.o(i.TIM21_IRQHandler) for TIM21_IRQHandler
    startup_stm32l031xx.o(RESET) refers to main.o(i.TIM22_IRQHandler) for TIM22_IRQHandler
    startup_stm32l031xx.o(RESET) refers to main.o(i.USART2_IRQHandler) for USART2_IRQHandler
    startup_stm32l031xx.o(.text) refers to system_stm32l0xx.o(i.SystemInit) for SystemInit
    startup_stm32l031xx.o(.text) refers to entry.o(.ARM.Collect$$$$00000000) for __main
    main.o(i.CRC16) refers to main.o(.constdata) for .constdata
    main.o(i.FlashRoyal) refers to stm32l0xx_hal_flash.o(i.HAL_FLASH_Unlock) for HAL_FLASH_Unlock
    main.o(i.FlashRoyal) refers to stm32l0xx_hal_flash_ex.o(i.HAL_FLASHEx_Erase) for HAL_FLASHEx_Erase
    main.o(i.FlashRoyal) refers to stm32l0xx_hal_flash.o(i.HAL_FLASH_Lock) for HAL_FLASH_Lock
    main.o(i.FlashRoyal) refers to stm32l0xx_hal_flash.o(i.HAL_FLASH_Program) for HAL_FLASH_Program
    main.o(i.FlashRoyal) refers to main.o(.bss) for .bss
    main.o(i.FlashRoyal) refers to main.o(.data) for .data
    main.o(i.KormPlacement) refers to uidiv.o(.text) for __aeabi_uidivmod
    main.o(i.KormPlacement) refers to idiv.o(.text) for __aeabi_idivmod
    main.o(i.KormPlacement) refers to main.o(i.FlashRoyal) for FlashRoyal
    main.o(i.KormPlacement) refers to main.o(.bss) for .bss
    main.o(i.KormPlacement) refers to main.o(.data) for .data
    main.o(i.MX_ADC_Init) refers to stm32l0xx_hal_adc.o(i.HAL_ADC_Init) for HAL_ADC_Init
    main.o(i.MX_ADC_Init) refers to stm32l0xx_hal_adc.o(i.HAL_ADC_ConfigChannel) for HAL_ADC_ConfigChannel
    main.o(i.MX_ADC_Init) refers to main.o(.bss) for .bss
    main.o(i.MX_GPIO_Init) refers to stm32l0xx_hal_gpio.o(i.HAL_GPIO_WritePin) for HAL_GPIO_WritePin
    main.o(i.MX_GPIO_Init) refers to stm32l0xx_hal_gpio.o(i.HAL_GPIO_Init) for HAL_GPIO_Init
    main.o(i.MX_RTC_Init) refers to stm32l0xx_hal_rtc_ex.o(i.HAL_RTCEx_BKUPRead) for HAL_RTCEx_BKUPRead
    main.o(i.MX_RTC_Init) refers to stm32l0xx_hal_rtc.o(i.HAL_RTC_Init) for HAL_RTC_Init
    main.o(i.MX_RTC_Init) refers to stm32l0xx_hal_rtc.o(i.HAL_RTC_SetTime) for HAL_RTC_SetTime
    main.o(i.MX_RTC_Init) refers to stm32l0xx_hal_rtc.o(i.HAL_RTC_SetDate) for HAL_RTC_SetDate
    main.o(i.MX_RTC_Init) refers to stm32l0xx_hal_rtc_ex.o(i.HAL_RTCEx_BKUPWrite) for HAL_RTCEx_BKUPWrite
    main.o(i.MX_RTC_Init) refers to main.o(.bss) for .bss
    main.o(i.MX_RTC_Init) refers to main.o(.data) for .data
    main.o(i.MX_SPI1_Init) refers to stm32l0xx_hal_spi.o(i.HAL_SPI_Init) for HAL_SPI_Init
    main.o(i.MX_SPI1_Init) refers to main.o(.bss) for .bss
    main.o(i.MX_TIM22_Init) refers to stm32l0xx_hal_tim.o(i.HAL_TIM_Base_Init) for HAL_TIM_Base_Init
    main.o(i.MX_TIM22_Init) refers to main.o(i.NVIC_SetPriority) for NVIC_SetPriority
    main.o(i.MX_TIM22_Init) refers to main.o(i.NVIC_EnableIRQ) for NVIC_EnableIRQ
    main.o(i.MX_TIM22_Init) refers to main.o(.bss) for .bss
    main.o(i.MX_TIM22_Init) refers to main.o(.constdata) for .constdata
    main.o(i.MX_TIM2_Init) refers to stm32l0xx_hal_tim.o(i.HAL_TIM_Base_Init) for HAL_TIM_Base_Init
    main.o(i.MX_TIM2_Init) refers to stm32l0xx_hal_tim.o(i.HAL_TIM_ConfigClockSource) for HAL_TIM_ConfigClockSource
    main.o(i.MX_TIM2_Init) refers to stm32l0xx_hal_tim_ex.o(i.HAL_TIMEx_MasterConfigSynchronization) for HAL_TIMEx_MasterConfigSynchronization
    main.o(i.MX_TIM2_Init) refers to main.o(.bss) for .bss
    main.o(i.MX_USART2_UART_Init) refers to stm32l0xx_hal_uart_ex.o(i.HAL_RS485Ex_Init) for HAL_RS485Ex_Init
    main.o(i.MX_USART2_UART_Init) refers to main.o(.bss) for .bss
    main.o(i.RTC_IRQHandler) refers to stm32l0xx_hal_rtc_ex.o(i.HAL_RTCEx_WakeUpTimerIRQHandler) for HAL_RTCEx_WakeUpTimerIRQHandler
    main.o(i.RTC_IRQHandler) refers to main.o(.bss) for .bss
[...]
    Removing stm32l0xx_hal_flash.o(i.HAL_FLASH_GetError), (12 bytes).
    Removing stm32l0xx_hal_flash.o(i.HAL_FLASH_IRQHandler), (220 bytes).
    Removing stm32l0xx_hal_flash.o(i.HAL_FLASH_OB_Launch), (32 bytes).
    Removing stm32l0xx_hal_flash.o(i.HAL_FLASH_OB_Lock), (20 bytes).
    Removing stm32l0xx_hal_flash.o(i.HAL_FLASH_OB_Unlock), (60 bytes).
    Removing stm32l0xx_hal_flash.o(i.HAL_FLASH_OperationErrorCallback), (2 bytes).
    Removing stm32l0xx_hal_flash.o(i.HAL_FLASH_Program_IT), (60 bytes).
    Removing stm32l0xx_hal_flash_ex.o(.rev16_text), (4 bytes).
    Removing stm32l0xx_hal_flash_ex.o(.revsh_text), (4 bytes).
    Removing stm32l0xx_hal_flash_ex.o(i.FLASH_OB_ProtectedSectorsConfig), (80 bytes).
    Removing stm32l0xx_hal_flash_ex.o(i.HAL_FLASHEx_AdvOBGetConfig), (24 bytes).
    Removing stm32l0xx_hal_flash_ex.o(i.HAL_FLASHEx_AdvOBProgram), (24 bytes).
    Removing stm32l0xx_hal_flash_ex.o(i.HAL_FLASHEx_DATAEEPROM_DisableFixedTimeProgram), (16 bytes).
    Removing stm32l0xx_hal_flash_ex.o(i.HAL_FLASHEx_DATAEEPROM_EnableFixedTimeProgram), (16 bytes).
    Removing stm32l0xx_hal_flash_ex.o(i.HAL_FLASHEx_DATAEEPROM_Erase), (40 bytes).
    Removing stm32l0xx_hal_flash_ex.o(i.HAL_FLASHEx_DATAEEPROM_Lock), (20 bytes).
    Removing stm32l0xx_hal_flash_ex.o(i.HAL_FLASHEx_DATAEEPROM_Program), (84 bytes).
    Removing stm32l0xx_hal_flash_ex.o(i.HAL_FLASHEx_DATAEEPROM_Unlock), (36 bytes).
    Removing stm32l0xx_hal_flash_ex.o(i.HAL_FLASHEx_Erase_IT), (92 bytes).
    Removing stm32l0xx_hal_flash_ex.o(i.HAL_FLASHEx_OBGetConfig), (44 bytes).
    Removing stm32l0xx_hal_flash_ex.o(i.HAL_FLASHEx_OBProgram), (292 bytes).
    Removing stm32l0xx_hal_flash_ex.o(i.HAL_FLASHEx_OB_DeSelectPCROP), (52 bytes).
    Removing stm32l0xx_hal_flash_ex.o(i.HAL_FLASHEx_OB_SelectPCROP), (56 bytes).
    Removing stm32l0xx_hal_gpio.o(.rev16_text), (4 bytes).
    Removing stm32l0xx_hal_gpio.o(.revsh_text), (4 bytes).
    Removing stm32l0xx_hal_gpio.o(i.HAL_GPIO_DeInit), (208 bytes).
    Removing stm32l0xx_hal_gpio.o(i.HAL_GPIO_EXTI_Callback), (2 bytes).
    Removing stm32l0xx_hal_gpio.o(i.HAL_GPIO_LockPin), (36 bytes).
    Removing stm32l0xx_hal_gpio.o(i.HAL_GPIO_TogglePin), (8 bytes).
    Removing stm32l0xx_hal_dma.o(.rev16_text), (4 bytes).
    Removing stm32l0xx_hal_dma.o(.revsh_text), (4 bytes).
    Removing stm32l0xx_hal_dma.o(i.DMA_SetConfig), (30 bytes).
    Removing stm32l0xx_hal_dma.o(i.HAL_DMA_Abort), (76 bytes).
    Removing stm32l0xx_hal_dma.o(i.HAL_DMA_DeInit), (468 bytes).
    Removing stm32l0xx_hal_dma.o(i.HAL_DMA_GetError), (4 bytes).
    Removing stm32l0xx_hal_dma.o(i.HAL_DMA_GetState), (6 bytes).
    Removing stm32l0xx_hal_dma.o(i.HAL_DMA_IRQHandler), (640 bytes).
    Removing stm32l0xx_hal_dma.o(i.HAL_DMA_Init), (264 bytes).
    Removing stm32l0xx_hal_dma.o(i.HAL_DMA_PollForTransfer), (616 bytes).
    Removing stm32l0xx_hal_dma.o(i.HAL_DMA_Start), (50 bytes).
    Removing stm32l0xx_hal_dma.o(i.HAL_DMA_Start_IT), (78 bytes).
    Removing stm32l0xx_hal_pwr.o(.rev16_text), (4 bytes).
    Removing stm32l0xx_hal_pwr.o(.revsh_text), (4 bytes).
    Removing stm32l0xx_hal_pwr.o(i.HAL_PWR_ConfigPVD), (104 bytes).
    Removing stm32l0xx_hal_pwr.o(i.HAL_PWR_DeInit), (24 bytes).
    Removing stm32l0xx_hal_pwr.o(i.HAL_PWR_DisableBkUpAccess), (16 bytes).
    Removing stm32l0xx_hal_pwr.o(i.HAL_PWR_DisablePVD), (16 bytes).
    Removing stm32l0xx_hal_pwr.o(i.HAL_PWR_DisableSEVOnPend), (16 bytes).
    Removing stm32l0xx_hal_pwr.o(i.HAL_PWR_DisableSleepOnExit), (16 bytes).
    Removing stm32l0xx_hal_pwr.o(i.HAL_PWR_DisableWakeUpPin), (16 bytes).
    Removing stm32l0xx_hal_pwr.o(i.HAL_PWR_EnablePVD), (16 bytes).
    Removing stm32l0xx_hal_pwr.o(i.HAL_PWR_EnableSEVOnPend), (16 bytes).
    Removing stm32l0xx_hal_pwr.o(i.HAL_PWR_EnableSleepOnExit), (16 bytes).
    Removing stm32l0xx_hal_pwr.o(i.HAL_PWR_EnableWakeUpPin), (16 bytes).
    Removing stm32l0xx_hal_pwr.o(i.HAL_PWR_EnterSLEEPMode), (48 bytes).
    Removing stm32l0xx_hal_pwr.o(i.HAL_PWR_EnterSTANDBYMode), (32 bytes).
    Removing stm32l0xx_hal_pwr.o(i.HAL_PWR_PVDCallback), (2 bytes).
    Removing stm32l0xx_hal_pwr.o(i.HAL_PWR_PVD_IRQHandler), (28 bytes).
    Removing stm32l0xx_hal_pwr_ex.o(.rev16_text), (4 bytes).
    Removing stm32l0xx_hal_pwr_ex.o(.revsh_text), (4 bytes).
    Removing stm32l0xx_hal_pwr_ex.o(i.HAL_PWREx_DisableFastWakeUp), (16 bytes).
    Removing stm32l0xx_hal_pwr_ex.o(i.HAL_PWREx_DisableLowPowerRunMode), (76 bytes).
    Removing stm32l0xx_hal_pwr_ex.o(i.HAL_PWREx_DisableUltraLowPower), (16 bytes).
    Removing stm32l0xx_hal_pwr_ex.o(i.HAL_PWREx_EnableLowPowerRunMode), (24 bytes).
    Removing stm32l0xx_hal_pwr_ex.o(i.HAL_PWREx_GetVoltageRange), (16 bytes).
    Removing stm32l0xx_hal_cortex.o(.rev16_text), (4 bytes).
    Removing stm32l0xx_hal_cortex.o(.revsh_text), (4 bytes).
    Removing stm32l0xx_hal_cortex.o(i.HAL_NVIC_ClearPendingIRQ), (20 bytes).
    Removing stm32l0xx_hal_cortex.o(i.HAL_NVIC_DisableIRQ), (20 bytes).
    Removing stm32l0xx_hal_cortex.o(i.HAL_NVIC_GetPendingIRQ), (28 bytes).
    Removing stm32l0xx_hal_cortex.o(i.HAL_NVIC_GetPriority), (52 bytes).
    Removing stm32l0xx_hal_cortex.o(i.HAL_NVIC_SetPendingIRQ), (20 bytes).
    Removing stm32l0xx_hal_cortex.o(i.HAL_NVIC_SystemReset), (28 bytes).
    Removing system_stm32l0xx.o(.rev16_text), (4 bytes).
    Removing system_stm32l0xx.o(.revsh_text), (4 bytes).
    Removing system_stm32l0xx.o(i.SystemCoreClockUpdate), (136 bytes).

503 unused section(s) (total 35133 bytes) removed from the image.

==============================================================================

Image Symbol Table

    Local Symbols

    Symbol Name                              Value     Ov Type        Size  Object(Section)

    ..//Src/system_stm32l0xx.c               0x00000000   Number         0  system_stm32l0xx.o ABSOLUTE
    ../Drivers/STM32L0xx_HAL_Driver/Src/stm32l0xx_hal.c 0x00000000   Number         0  stm32l0xx_hal.o ABSOLUTE
    ../Drivers/STM32L0xx_HAL_Driver/Src/stm32l0xx_hal_adc.c 0x00000000   Number         0  stm32l0xx_hal_adc.o ABSOLUTE
    ../Drivers/STM32L0xx_HAL_Driver/Src/stm32l0xx_hal_adc_ex.c 0x00000000   Number         0  stm32l0xx_hal_adc_ex.o ABSOLUTE
    ../Drivers/STM32L0xx_HAL_Driver/Src/stm32l0xx_hal_cortex.c 0x00000000   Number         0  stm32l0xx_hal_cortex.o ABSOLUTE
    ../Drivers/STM32L0xx_HAL_Driver/Src/stm32l0xx_hal_dma.c 0x00000000   Number         0  stm32l0xx_hal_dma.o ABSOLUTE
    ../Drivers/STM32L0xx_HAL_Driver/Src/stm32l0xx_hal_flash.c 0x00000000   Number         0  stm32l0xx_hal_flash.o ABSOLUTE
    ../Drivers/STM32L0xx_HAL_Driver/Src/stm32l0xx_hal_flash_ex.c 0x00000000   Number         0  stm32l0xx_hal_flash_ex.o ABSOLUTE
    ../Drivers/STM32L0xx_HAL_Driver/Src/stm32l0xx_hal_flash_ramfunc.c 0x00000000   Number         0  stm32l0xx_hal_flash_ramfunc.o ABSOLUTE
    ../Drivers/STM32L0xx_HAL_Driver/Src/stm32l0xx_hal_gpio.c 0x00000000   Number         0  stm32l0xx_hal_gpio.o ABSOLUTE
    ../Drivers/STM32L0xx_HAL_Driver/Src/stm32l0xx_hal_i2c.c 0x00000000   Number         0  stm32l0xx_hal_i2c.o ABSOLUTE
    ../Drivers/STM32L0xx_HAL_Driver/Src/stm32l0xx_hal_i2c_ex.c 0x00000000   Number         0  stm32l0xx_hal_i2c_ex.o ABSOLUTE
    ../Drivers/STM32L0xx_HAL_Driver/Src/stm32l0xx_hal_iwdg.c 0x00000000   Number         0  stm32l0xx_hal_iwdg.o ABSOLUTE
    ../Drivers/STM32L0xx_HAL_Driver/Src/stm32l0xx_hal_pwr.c 0x00000000   Number         0  stm32l0xx_hal_pwr.o ABSOLUTE
    ../Drivers/STM32L0xx_HAL_Driver/Src/stm32l0xx_hal_pwr_ex.c 0x00000000   Number         0  stm32l0xx_hal_pwr_ex.o ABSOLUTE
    ../Drivers/STM32L0xx_HAL_Driver/Src/stm32l0xx_hal_rcc.c 0x00000000   Number         0  stm32l0xx_hal_rcc.o ABSOLUTE
    ../Drivers/STM32L0xx_HAL_Driver/Src/stm32l0xx_hal_rcc_ex.c 0x00000000   Number         0  stm32l0xx_hal_rcc_ex.o ABSOLUTE
    ../Drivers/STM32L0xx_HAL_Driver/Src/stm32l0xx_hal_rtc.c 0x00000000   Number         0  stm32l0xx_hal_rtc.o ABSOLUTE
    ../Drivers/STM32L0xx_HAL_Driver/Src/stm32l0xx_hal_rtc_ex.c 0x00000000   Number         0  stm32l0xx_hal_rtc_ex.o ABSOLUTE
    ../Drivers/STM32L0xx_HAL_Driver/Src/stm32l0xx_hal_spi.c 0x00000000   Number         0  stm32l0xx_hal_spi.o ABSOLUTE
    ../Drivers/STM32L0xx_HAL_Driver/Src/stm32l0xx_hal_tim.c 0x00000000   Number         0  stm32l0xx_hal_tim.o ABSOLUTE
    ../Drivers/STM32L0xx_HAL_Driver/Src/stm32l0xx_hal_tim_ex.c 0x00000000   Number         0  stm32l0xx_hal_tim_ex.o ABSOLUTE
    ../Drivers/STM32L0xx_HAL_Driver/Src/stm32l0xx_hal_uart.c 0x00000000   Number         0  stm32l0xx_hal_uart.o ABSOLUTE
    ../Drivers/STM32L0xx_HAL_Driver/Src/stm32l0xx_hal_uart_ex.c 0x00000000   Number         0  stm32l0xx_hal_uart_ex.o ABSOLUTE
    ../Src/main.c                            0x00000000   Number         0  main.o ABSOLUTE
    ../Src/stm32l0xx_hal_msp.c               0x00000000   Number         0  stm32l0xx_hal_msp.o ABSOLUTE
    ../Src/stm32l0xx_it.c                    0x00000000   Number         0  stm32l0xx_it.o ABSOLUTE
    ../clib/microlib/division.c              0x00000000   Number         0  idiv.o ABSOLUTE
    ../clib/microlib/division.c              0x00000000   Number         0  uidiv.o ABSOLUTE
    ../clib/microlib/division.c              0x00000000   Number         0  uldiv.o ABSOLUTE
    ../clib/microlib/init/entry.s            0x00000000   Number         0  entry2.o ABSOLUTE
    ../clib/microlib/init/entry.s            0x00000000   Number         0  entry9a.o ABSOLUTE
    ../clib/microlib/init/entry.s            0x00000000   Number         0  entry9b.o ABSOLUTE
    ../clib/microlib/init/entry.s            0x00000000   Number         0  entry.o ABSOLUTE
    ../clib/microlib/init/entry.s            0x00000000   Number         0  entry8b.o ABSOLUTE
    ../clib/microlib/init/entry.s            0x00000000   Number         0  entry5.o ABSOLUTE
    ../clib/microlib/init/entry.s            0x00000000   Number         0  entry8a.o ABSOLUTE
    ../clib/microlib/init/entry.s            0x00000000   Number         0  entry7b.o ABSOLUTE
    ../clib/microlib/init/entry.s            0x00000000   Number         0  entry7a.o ABSOLUTE
    ../clib/microlib/init/entry.s            0x00000000   Number         0  entry11b.o ABSOLUTE
    ../clib/microlib/init/entry.s            0x00000000   Number         0  entry11a.o ABSOLUTE
    ../clib/microlib/init/entry.s            0x00000000   Number         0  entry10b.o ABSOLUTE
    ../clib/microlib/init/entry.s            0x00000000   Number         0  entry10a.o ABSOLUTE
    ../clib/microlib/longlong.c              0x00000000   Number         0  llushr.o ABSOLUTE
    ../clib/microlib/longlong.c              0x00000000   Number         0  llshl.o ABSOLUTE
    ../clib/microlib/string/memset.c         0x00000000   Number         0  memseta.o ABSOLUTE
    ../clib/microlib/string/strlen.c         0x00000000   Number         0  strlen.o ABSOLUTE
    ..\Drivers\STM32L0xx_HAL_Driver\Src\stm32l0xx_hal.c 0x00000000   Number         0  stm32l0xx_hal.o ABSOLUTE
    ..\Drivers\STM32L0xx_HAL_Driver\Src\stm32l0xx_hal_adc.c 0x00000000   Number         0  stm32l0xx_hal_adc.o ABSOLUTE
    ..\Drivers\STM32L0xx_HAL_Driver\Src\stm32l0xx_hal_adc_ex.c 0x00000000   Number         0  stm32l0xx_hal_adc_ex.o ABSOLUTE
    ..\Drivers\STM32L0xx_HAL_Driver\Src\stm32l0xx_hal_cortex.c 0x00000000   Number         0  stm32l0xx_hal_cortex.o ABSOLUTE
    ..\Drivers\STM32L0xx_HAL_Driver\Src\stm32l0xx_hal_dma.c 0x00000000   Number         0  stm32l0xx_hal_dma.o ABSOLUTE
    ..\Drivers\STM32L0xx_HAL_Driver\Src\stm32l0xx_hal_flash.c 0x00000000   Number         0  stm32l0xx_hal_flash.o ABSOLUTE
    ..\Drivers\STM32L0xx_HAL_Driver\Src\stm32l0xx_hal_flash_ex.c 0x00000000   Number         0  stm32l0xx_hal_flash_ex.o ABSOLUTE
    ..\Drivers\STM32L0xx_HAL_Driver\Src\stm32l0xx_hal_flash_ramfunc.c 0x00000000   Number         0  stm32l0xx_hal_flash_ramfunc.o ABSOLUTE
    ..\Drivers\STM32L0xx_HAL_Driver\Src\stm32l0xx_hal_gpio.c 0x00000000   Number         0  stm32l0xx_hal_gpio.o ABSOLUTE
    ..\Drivers\STM32L0xx_HAL_Driver\Src\stm32l0xx_hal_i2c.c 0x00000000   Number         0  stm32l0xx_hal_i2c.o ABSOLUTE
    ..\Drivers\STM32L0xx_HAL_Driver\Src\stm32l0xx_hal_i2c_ex.c 0x00000000   Number         0  stm32l0xx_hal_i2c_ex.o ABSOLUTE
    ..\Drivers\STM32L0xx_HAL_Driver\Src\stm32l0xx_hal_iwdg.c 0x00000000   Number         0  stm32l0xx_hal_iwdg.o ABSOLUTE
    ..\Drivers\STM32L0xx_HAL_Driver\Src\stm32l0xx_hal_pwr.c 0x00000000   Number         0  stm32l0xx_hal_pwr.o ABSOLUTE
    ..\Drivers\STM32L0xx_HAL_Driver\Src\stm32l0xx_hal_pwr_ex.c 0x00000000   Number         0  stm32l0xx_hal_pwr_ex.o ABSOLUTE
    ..\Drivers\STM32L0xx_HAL_Driver\Src\stm32l0xx_hal_rcc.c 0x00000000   Number         0  stm32l0xx_hal_rcc.o ABSOLUTE
    ..\Drivers\STM32L0xx_HAL_Driver\Src\stm32l0xx_hal_rcc_ex.c 0x00000000   Number         0  stm32l0xx_hal_rcc_ex.o ABSOLUTE
    ..\Drivers\STM32L0xx_HAL_Driver\Src\stm32l0xx_hal_rtc.c 0x00000000   Number         0  stm32l0xx_hal_rtc.o ABSOLUTE
    ..\Drivers\STM32L0xx_HAL_Driver\Src\stm32l0xx_hal_rtc_ex.c 0x00000000   Number         0  stm32l0xx_hal_rtc_ex.o ABSOLUTE
    ..\Drivers\STM32L0xx_HAL_Driver\Src\stm32l0xx_hal_spi.c 0x00000000   Number         0  stm32l0xx_hal_spi.o ABSOLUTE
    ..\Drivers\STM32L0xx_HAL_Driver\Src\stm32l0xx_hal_tim.c 0x00000000   Number         0  stm32l0xx_hal_tim.o ABSOLUTE
    ..\Drivers\STM32L0xx_HAL_Driver\Src\stm32l0xx_hal_tim_ex.c 0x00000000   Number         0  stm32l0xx_hal_tim_ex.o ABSOLUTE
    ..\Drivers\STM32L0xx_HAL_Driver\Src\stm32l0xx_hal_uart.c 0x00000000   Number         0  stm32l0xx_hal_uart.o ABSOLUTE
    ..\Drivers\STM32L0xx_HAL_Driver\Src\stm32l0xx_hal_uart_ex.c 0x00000000   Number         0  stm32l0xx_hal_uart_ex.o ABSOLUTE
    ..\Src\main.c                            0x00000000   Number         0  main.o ABSOLUTE
    ..\Src\stm32l0xx_hal_msp.c               0x00000000   Number         0  stm32l0xx_hal_msp.o ABSOLUTE
    ..\Src\stm32l0xx_it.c                    0x00000000   Number         0  stm32l0xx_it.o ABSOLUTE
    ..\\Src\system_stm32l0xx.c               0x00000000   Number         0  system_stm32l0xx.o ABSOLUTE
    dc.s                                     0x00000000   Number         0  dc.o ABSOLUTE
    handlers.s                               0x00000000   Number         0  handlers.o ABSOLUTE
    init.s                                   0x00000000   Number         0  init.o ABSOLUTE
    startup_stm32l031xx.s                    0x00000000   Number         0  startup_stm32l031xx.o ABSOLUTE
    RESET                                    0x08000000   Section      192  startup_stm32l031xx.o(RESET)
    .ARM.Collect$$$$00000000                 0x080000c0   Section        0  entry.o(.ARM.Collect$$$$00000000)
    .ARM.Collect$$$$00000001                 0x080000c0   Section        4  entry2.o(.ARM.Collect$$$$00000001)
    .ARM.Collect$$$$00000004                 0x080000c4   Section        4  entry5.o(.ARM.Collect$$$$00000004)
    .ARM.Collect$$$$00000008                 0x080000c8   Section        0  entry7b.o(.ARM.Collect$$$$00000008)
    .ARM.Collect$$$$0000000A                 0x080000c8   Section        0  entry8b.o(.ARM.Collect$$$$0000000A)
    .ARM.Collect$$$$0000000B                 0x080000c8   Section        8  entry9a.o(.ARM.Collect$$$$0000000B)
    .ARM.Collect$$$$0000000D                 0x080000d0   Section        0  entry10a.o(.ARM.Collect$$$$0000000D)
    .ARM.Collect$$$$0000000F                 0x080000d0   Section        0  entry11a.o(.ARM.Collect$$$$0000000F)
    .ARM.Collect$$$$00002712                 0x080000d0   Section        4  entry2.o(.ARM.Collect$$$$00002712)
    __lit__00000000                          0x080000d0   Data           4  entry2.o(.ARM.Collect$$$$00002712)
    .text                                    0x080000d4   Section       28  startup_stm32l031xx.o(.text)
    .text                                    0x080000f0   Section        0  uidiv.o(.text)
    .text                                    0x0800011c   Section        0  idiv.o(.text)
    .text                                    0x08000144   Section        0  uldiv.o(.text)
    .text                                    0x080001a4   Section        0  strlen.o(.text)
    .text                                    0x080001b2   Section        0  llshl.o(.text)
    .text                                    0x080001d2   Section        0  llushr.o(.text)
    .text                                    0x080001f4   Section       36  init.o(.text)
    i.ADC_DelayMicroSecond                   0x08000218   Section        0  stm32l0xx_hal_adc.o(i.ADC_DelayMicroSecond)
    ADC_DelayMicroSecond                     0x08000219   Thumb Code    28  stm32l0xx_hal_adc.o(i.ADC_DelayMicroSecond)
    i.ADC_Enable                             0x0800023c   Section        0  stm32l0xx_hal_adc.o(i.ADC_Enable)
    ADC_Enable                               0x0800023d   Thumb Code    96  stm32l0xx_hal_adc.o(i.ADC_Enable)
    i.CRC16                                  0x080002a0   Section        0  main.o(i.CRC16)
    i.EXTI0_1_IRQHandler                     0x080002e8   Section        0  stm32l0xx_it.o(i.EXTI0_1_IRQHandler)
    i.EXTI2_3_IRQHandler                     0x080002f2   Section        0  stm32l0xx_it.o(i.EXTI2_3_IRQHandler)
    i.FLASH_PageErase                        0x080002fc   Section        0  stm32l0xx_hal_flash_ex.o(i.FLASH_PageErase)
    i.FLASH_SetErrorCode                     0x08000328   Section        0  stm32l0xx_hal_flash.o(i.FLASH_SetErrorCode)
    FLASH_SetErrorCode                       0x08000329   Thumb Code   134  stm32l0xx_hal_flash.o(i.FLASH_SetErrorCode)
    i.FLASH_WaitForLastOperation             0x080003b8   Section        0  stm32l0xx_hal_flash.o(i.FLASH_WaitForLastOperation)
    i.FlashRoyal                             0x08000428   Section        0  main.o(i.FlashRoyal)
    i.HAL_ADC_ConfigChannel                  0x080004d4   Section        0  stm32l0xx_hal_adc.o(i.HAL_ADC_ConfigChannel)
    i.HAL_ADC_GetValue                       0x08000568   Section        0  stm32l0xx_hal_adc.o(i.HAL_ADC_GetValue)
    i.HAL_ADC_Init                           0x08000570   Section        0  stm32l0xx_hal_adc.o(i.HAL_ADC_Init)
    i.HAL_ADC_MspInit                        0x08000734   Section        0  stm32l0xx_hal_msp.o(i.HAL_ADC_MspInit)
    i.HAL_ADC_PollForConversion              0x0800076c   Section        0  stm32l0xx_hal_adc.o(i.HAL_ADC_PollForConversion)
    i.HAL_ADC_Start                          0x0800082c   Section        0  stm32l0xx_hal_adc.o(i.HAL_ADC_Start)
    i.HAL_DMA_Abort_IT                       0x08000888   Section        0  stm32l0xx_hal_dma.o(i.HAL_DMA_Abort_IT)
    i.HAL_Delay                              0x08000920   Section        0  stm32l0xx_hal.o(i.HAL_Delay)
    i.HAL_FLASHEx_Erase                      0x08000938   Section        0  stm32l0xx_hal_flash_ex.o(i.HAL_FLASHEx_Erase)
    i.HAL_FLASH_Lock                         0x080009ac   Section        0  stm32l0xx_hal_flash.o(i.HAL_FLASH_Lock)
    i.HAL_FLASH_Program                      0x080009c0   Section        0  stm32l0xx_hal_flash.o(i.HAL_FLASH_Program)
    i.HAL_FLASH_Unlock                       0x080009fc   Section        0  stm32l0xx_hal_flash.o(i.HAL_FLASH_Unlock)
    i.HAL_GPIO_EXTI_Callback                 0x08000a38   Section        0  main.o(i.HAL_GPIO_EXTI_Callback)
    i.HAL_GPIO_EXTI_IRQHandler               0x08000a3c   Section        0  stm32l0xx_hal_gpio.o(i.HAL_GPIO_EXTI_IRQHandler)
    i.HAL_GPIO_Init                          0x08000a54   Section        0  stm32l0xx_hal_gpio.o(i.HAL_GPIO_Init)
    i.HAL_GPIO_ReadPin                       0x08000b9c   Section        0  stm32l0xx_hal_gpio.o(i.HAL_GPIO_ReadPin)
    i.HAL_GPIO_WritePin                      0x08000ba6   Section        0  stm32l0xx_hal_gpio.o(i.HAL_GPIO_WritePin)
    i.HAL_GetTick                            0x08000bb4   Section        0  stm32l0xx_hal.o(i.HAL_GetTick)
    i.HAL_IWDG_Init                          0x08000bc0   Section        0  stm32l0xx_hal_iwdg.o(i.HAL_IWDG_Init)
    i.HAL_IWDG_Refresh                       0x08000c24   Section        0  stm32l0xx_hal_iwdg.o(i.HAL_IWDG_Refresh)
    i.HAL_IncTick                            0x08000c34   Section        0  stm32l0xx_hal.o(i.HAL_IncTick)
    i.HAL_Init                               0x08000c44   Section        0  stm32l0xx_hal.o(i.HAL_Init)
    i.HAL_InitTick                           0x08000c64   Section        0  stm32l0xx_hal.o(i.HAL_InitTick)
    i.HAL_MspInit                            0x08000c8c   Section        0  stm32l0xx_hal_msp.o(i.HAL_MspInit)
    i.HAL_NVIC_EnableIRQ                     0x08000cc4   Section        0  stm32l0xx_hal_cortex.o(i.HAL_NVIC_EnableIRQ)
    i.HAL_NVIC_SetPriority                   0x08000cd8   Section        0  stm32l0xx_hal_cortex.o(i.HAL_NVIC_SetPriority)
    i.HAL_PWREx_EnableFastWakeUp             0x08000ce0   Section        0  stm32l0xx_hal_pwr_ex.o(i.HAL_PWREx_EnableFastWakeUp)
    i.HAL_PWREx_EnableUltraLowPower          0x08000cf0   Section        0  stm32l0xx_hal_pwr_ex.o(i.HAL_PWREx_EnableUltraLowPower)
    i.HAL_PWR_EnableBkUpAccess               0x08000d00   Section        0  stm32l0xx_hal_pwr.o(i.HAL_PWR_EnableBkUpAccess)
    i.HAL_PWR_EnterSTOPMode                  0x08000d10   Section        0  stm32l0xx_hal_pwr.o(i.HAL_PWR_EnterSTOPMode)
    i.HAL_RCCEx_GetPeriphCLKFreq             0x08000d44   Section        0  stm32l0xx_hal_rcc_ex.o(i.HAL_RCCEx_GetPeriphCLKFreq)
    i.HAL_RCCEx_PeriphCLKConfig              0x08000e58   Section        0  stm32l0xx_hal_rcc_ex.o(i.HAL_RCCEx_PeriphCLKConfig)
    i.HAL_RCC_ClockConfig                    0x08000fb8   Section        0  stm32l0xx_hal_rcc.o(i.HAL_RCC_ClockConfig)
    i.HAL_RCC_GetHCLKFreq                    0x08001120   Section        0  stm32l0xx_hal_rcc.o(i.HAL_RCC_GetHCLKFreq)
    i.HAL_RCC_GetPCLK1Freq                   0x0800112c   Section        0  stm32l0xx_hal_rcc.o(i.HAL_RCC_GetPCLK1Freq)
    i.HAL_RCC_GetPCLK2Freq                   0x0800114c   Section        0  stm32l0xx_hal_rcc.o(i.HAL_RCC_GetPCLK2Freq)
    i.HAL_RCC_GetSysClockFreq                0x0800116c   Section        0  stm32l0xx_hal_rcc.o(i.HAL_RCC_GetSysClockFreq)
    i.HAL_RCC_OscConfig                      0x080011e8   Section        0  stm32l0xx_hal_rcc.o(i.HAL_RCC_OscConfig)
    i.HAL_RS485Ex_Init                       0x080015d4   Section        0  stm32l0xx_hal_uart_ex.o(i.HAL_RS485Ex_Init)
    i.HAL_RTCEx_BKUPRead                     0x08001664   Section        0  stm32l0xx_hal_rtc_ex.o(i.HAL_RTCEx_BKUPRead)
    i.HAL_RTCEx_BKUPWrite                    0x08001670   Section        0  stm32l0xx_hal_rtc_ex.o(i.HAL_RTCEx_BKUPWrite)
    i.HAL_RTCEx_DeactivateWakeUpTimer        0x0800167c   Section        0  stm32l0xx_hal_rtc_ex.o(i.HAL_RTCEx_DeactivateWakeUpTimer)
    i.HAL_RTCEx_SetWakeUpTimer_IT            0x080016f8   Section        0  stm32l0xx_hal_rtc_ex.o(i.HAL_RTCEx_SetWakeUpTimer_IT)
    i.HAL_RTCEx_WakeUpTimerEventCallback     0x080017e8   Section        0  main.o(i.HAL_RTCEx_WakeUpTimerEventCallback)
    i.HAL_RTCEx_WakeUpTimerIRQHandler        0x080017f8   Section        0  stm32l0xx_hal_rtc_ex.o(i.HAL_RTCEx_WakeUpTimerIRQHandler)
    i.HAL_RTC_GetDate                        0x08001830   Section        0  stm32l0xx_hal_rtc.o(i.HAL_RTC_GetDate)
    i.HAL_RTC_GetTime                        0x08001874   Section        0  stm32l0xx_hal_rtc.o(i.HAL_RTC_GetTime)
    i.HAL_RTC_Init                           0x080018d0   Section        0  stm32l0xx_hal_rtc.o(i.HAL_RTC_Init)
    i.HAL_RTC_MspInit                        0x08001974   Section        0  stm32l0xx_hal_msp.o(i.HAL_RTC_MspInit)
    i.HAL_RTC_SetDate                        0x08001994   Section        0  stm32l0xx_hal_rtc.o(i.HAL_RTC_SetDate)
    i.HAL_RTC_SetTime                        0x08001a64   Section        0  stm32l0xx_hal_rtc.o(i.HAL_RTC_SetTime)
    i.HAL_RTC_WaitForSynchro                 0x08001b54   Section        0  stm32l0xx_hal_rtc.o(i.HAL_RTC_WaitForSynchro)
    i.HAL_SPI_Init                           0x08001b88   Section        0  stm32l0xx_hal_spi.o(i.HAL_SPI_Init)
    i.HAL_SPI_MspInit                        0x08001c04   Section        0  stm32l0xx_hal_msp.o(i.HAL_SPI_MspInit)
    i.HAL_SPI_Transmit                       0x08001c44   Section        0  stm32l0xx_hal_spi.o(i.HAL_SPI_Transmit)
    i.HAL_SYSTICK_CLKSourceConfig            0x08001d94   Section        0  stm32l0xx_hal_cortex.o(i.HAL_SYSTICK_CLKSourceConfig)
    i.HAL_SYSTICK_Callback                   0x08001dac   Section        0  stm32l0xx_hal_cortex.o(i.HAL_SYSTICK_Callback)
    i.HAL_SYSTICK_Config                     0x08001db0   Section        0  stm32l0xx_hal_cortex.o(i.HAL_SYSTICK_Config)
    i.HAL_SYSTICK_IRQHandler                 0x08001de0   Section        0  stm32l0xx_hal_cortex.o(i.HAL_SYSTICK_IRQHandler)
    i.HAL_TIMEx_MasterConfigSynchronization  0x08001de8   Section        0  stm32l0xx_hal_tim_ex.o(i.HAL_TIMEx_MasterConfigSynchronization)
    i.HAL_TIM_Base_Init                      0x08001e30   Section        0  stm32l0xx_hal_tim.o(i.HAL_TIM_Base_Init)
    i.HAL_TIM_Base_MspInit                   0x08001e64   Section        0  stm32l0xx_hal_msp.o(i.HAL_TIM_Base_MspInit)
    i.HAL_TIM_Base_Start_IT                  0x08001e80   Section        0  stm32l0xx_hal_tim.o(i.HAL_TIM_Base_Start_IT)
    i.HAL_TIM_Base_Stop_IT                   0x08001e98   Section        0  stm32l0xx_hal_tim.o(i.HAL_TIM_Base_Stop_IT)
    i.HAL_TIM_ConfigClockSource              0x08001ebc   Section        0  stm32l0xx_hal_tim.o(i.HAL_TIM_ConfigClockSource)
    i.HAL_TIM_IC_CaptureCallback             0x08001fa8   Section        0  stm32l0xx_hal_tim.o(i.HAL_TIM_IC_CaptureCallback)
    i.HAL_TIM_IRQHandler                     0x08001faa   Section        0  stm32l0xx_hal_tim.o(i.HAL_TIM_IRQHandler)
    i.HAL_TIM_OC_DelayElapsedCallback        0x080020d0   Section        0  stm32l0xx_hal_tim.o(i.HAL_TIM_OC_DelayElapsedCallback)
    i.HAL_TIM_PWM_PulseFinishedCallback      0x080020d2   Section        0  stm32l0xx_hal_tim.o(i.HAL_TIM_PWM_PulseFinishedCallback)
    i.HAL_TIM_PeriodElapsedCallback          0x080020d4   Section        0  stm32l0xx_hal_tim.o(i.HAL_TIM_PeriodElapsedCallback)
    i.HAL_TIM_TriggerCallback                0x080020d6   Section        0  stm32l0xx_hal_tim.o(i.HAL_TIM_TriggerCallback)
    i.HAL_UARTEx_WakeupCallback              0x080020d8   Section        0  stm32l0xx_hal_uart_ex.o(i.HAL_UARTEx_WakeupCallback)
    i.HAL_UART_ErrorCallback                 0x080020da   Section        0  stm32l0xx_hal_uart.o(i.HAL_UART_ErrorCallback)
    i.HAL_UART_IRQHandler                    0x080020dc   Section        0  stm32l0xx_hal_uart.o(i.HAL_UART_IRQHandler)
    i.HAL_UART_MspInit                       0x08002220   Section        0  stm32l0xx_hal_msp.o(i.HAL_UART_MspInit)
    i.HAL_UART_Receive_IT                    0x08002278   Section        0  stm32l0xx_hal_uart.o(i.HAL_UART_Receive_IT)
    i.HAL_UART_RxCpltCallback                0x08002318   Section        0  stm32l0xx_hal_uart.o(i.HAL_UART_RxCpltCallback)
    i.HAL_UART_Transmit                      0x0800231a   Section        0  stm32l0xx_hal_uart.o(i.HAL_UART_Transmit)
    i.HAL_UART_TxCpltCallback                0x080023e2   Section        0  stm32l0xx_hal_uart.o(i.HAL_UART_TxCpltCallback)
    i.HardFault_Handler                      0x080023e4   Section        0  stm32l0xx_it.o(i.HardFault_Handler)
    i.KormPlacement                          0x080023e8   Section        0  main.o(i.KormPlacement)
    i.MX_ADC_Init                            0x080024d4   Section        0  main.o(i.MX_ADC_Init)
    MX_ADC_Init                              0x080024d5   Thumb Code    90  main.o(i.MX_ADC_Init)
    i.MX_GPIO_Init                           0x0800253c   Section        0  main.o(i.MX_GPIO_Init)
    MX_GPIO_Init                             0x0800253d   Thumb Code   120  main.o(i.MX_GPIO_Init)
    i.MX_RTC_Init                            0x080025bc   Section        0  main.o(i.MX_RTC_Init)
    MX_RTC_Init                              0x080025bd   Thumb Code   130  main.o(i.MX_RTC_Init)
    i.MX_SPI1_Init                           0x08002650   Section        0  main.o(i.MX_SPI1_Init)
    MX_SPI1_Init                             0x08002651   Thumb Code    56  main.o(i.MX_SPI1_Init)
    i.MX_TIM22_Init                          0x08002690   Section        0  main.o(i.MX_TIM22_Init)
    MX_TIM22_Init                            0x08002691   Thumb Code    84  main.o(i.MX_TIM22_Init)
    i.MX_TIM2_Init                           0x080026f8   Section        0  main.o(i.MX_TIM2_Init)
    MX_TIM2_Init                             0x080026f9   Thumb Code    80  main.o(i.MX_TIM2_Init)
    i.MX_USART2_UART_Init                    0x08002750   Section        0  main.o(i.MX_USART2_UART_Init)
    MX_USART2_UART_Init                      0x08002751   Thumb Code    50  main.o(i.MX_USART2_UART_Init)
    i.MinusOne                               0x0800278c   Section        0  main.o(i.MinusOne)
    i.NMI_Handler                            0x08002798   Section        0  stm32l0xx_it.o(i.NMI_Handler)
    i.NVIC_EnableIRQ                         0x0800279c   Section        0  main.o(i.NVIC_EnableIRQ)
    NVIC_EnableIRQ                           0x0800279d   Thumb Code    14  main.o(i.NVIC_EnableIRQ)
    i.NVIC_SetPriority                       0x080027b0   Section        0  main.o(i.NVIC_SetPriority)
    NVIC_SetPriority                         0x080027b1   Thumb Code    60  main.o(i.NVIC_SetPriority)
    i.NVIC_SetPriority                       0x080027f4   Section        0  stm32l0xx_hal_cortex.o(i.NVIC_SetPriority)
    NVIC_SetPriority                         0x080027f5   Thumb Code    60  stm32l0xx_hal_cortex.o(i.NVIC_SetPriority)
    i.PendSV_Handler                         0x08002838   Section        0  stm32l0xx_it.o(i.PendSV_Handler)
    i.PlusOne                                0x0800283a   Section        0  main.o(i.PlusOne)
    i.RCC_SetFlashLatencyFromMSIRange        0x08002848   Section        0  stm32l0xx_hal_rcc.o(i.RCC_SetFlashLatencyFromMSIRange)
    RCC_SetFlashLatencyFromMSIRange          0x08002849   Thumb Code    94  stm32l0xx_hal_rcc.o(i.RCC_SetFlashLatencyFromMSIRange)
    i.RTC_Bcd2ToByte                         0x080028b8   Section        0  stm32l0xx_hal_rtc.o(i.RTC_Bcd2ToByte)
    i.RTC_ByteToBcd2                         0x080028c8   Section        0  stm32l0xx_hal_rtc.o(i.RTC_ByteToBcd2)
    i.RTC_EnterInitMode                      0x080028de   Section        0  stm32l0xx_hal_rtc.o(i.RTC_EnterInitMode)
    i.RTC_IRQHandler                         0x08002918   Section        0  main.o(i.RTC_IRQHandler)
    i.SPI_WaitOnFlagUntilTimeout             0x08002928   Section        0  stm32l0xx_hal_spi.o(i.SPI_WaitOnFlagUntilTimeout)
    SPI_WaitOnFlagUntilTimeout               0x08002929   Thumb Code   162  stm32l0xx_hal_spi.o(i.SPI_WaitOnFlagUntilTimeout)
    i.SPI_syn_out                            0x080029cc   Section        0  main.o(i.SPI_syn_out)
    i.SVC_Handler                            0x08002a00   Section        0  stm32l0xx_it.o(i.SVC_Handler)
    i.SysTick_Handler                        0x08002a02   Section        0  stm32l0xx_it.o(i.SysTick_Handler)
    i.SystemClock_Config                     0x08002a10   Section        0  main.o(i.SystemClock_Config)
    i.SystemInit                             0x08002abc   Section        0  system_stm32l0xx.o(i.SystemInit)
    i.SystemPower_Config                     0x08002b10   Section        0  main.o(i.SystemPower_Config)
    SystemPower_Config                       0x08002b11   Thumb Code   108  main.o(i.SystemPower_Config)
    i.TIM21_IRQHandler                       0x08002b88   Section        0  main.o(i.TIM21_IRQHandler)
    i.TIM22_IRQHandler                       0x08002bc0   Section        0  main.o(i.TIM22_IRQHandler)
    i.TIM2_IRQHandler                        0x08002bec   Section        0  main.o(i.TIM2_IRQHandler)
    i.TIM_Base_SetConfig                     0x08002c14   Section        0  stm32l0xx_hal_tim.o(i.TIM_Base_SetConfig)
    TIM_Base_SetConfig                       0x08002c15   Thumb Code    72  stm32l0xx_hal_tim.o(i.TIM_Base_SetConfig)
    i.TIM_ETR_SetConfig                      0x08002c64   Section        0  stm32l0xx_hal_tim.o(i.TIM_ETR_SetConfig)
    TIM_ETR_SetConfig                        0x08002c65   Thumb Code    22  stm32l0xx_hal_tim.o(i.TIM_ETR_SetConfig)
    i.TIM_ITRx_SetConfig                     0x08002c7a   Section        0  stm32l0xx_hal_tim.o(i.TIM_ITRx_SetConfig)
    TIM_ITRx_SetConfig                       0x08002c7b   Thumb Code    16  stm32l0xx_hal_tim.o(i.TIM_ITRx_SetConfig)
    i.TIM_TI1_ConfigInputStage               0x08002c8a   Section        0  stm32l0xx_hal_tim.o(i.TIM_TI1_ConfigInputStage)
    TIM_TI1_ConfigInputStage                 0x08002c8b   Thumb Code    34  stm32l0xx_hal_tim.o(i.TIM_TI1_ConfigInputStage)
    i.TIM_TI2_ConfigInputStage               0x08002cac   Section        0  stm32l0xx_hal_tim.o(i.TIM_TI2_ConfigInputStage)
    TIM_TI2_ConfigInputStage                 0x08002cad   Thumb Code    38  stm32l0xx_hal_tim.o(i.TIM_TI2_ConfigInputStage)
    i.UART_AdvFeatureConfig                  0x08002cd2   Section        0  stm32l0xx_hal_uart.o(i.UART_AdvFeatureConfig)
    i.UART_CheckIdleState                    0x08002d9c   Section        0  stm32l0xx_hal_uart.o(i.UART_CheckIdleState)
    i.UART_DMAAbortOnError                   0x08002dfc   Section        0  stm32l0xx_hal_uart.o(i.UART_DMAAbortOnError)
    UART_DMAAbortOnError                     0x08002dfd   Thumb Code    20  stm32l0xx_hal_uart.o(i.UART_DMAAbortOnError)
    i.UART_EndRxTransfer                     0x08002e10   Section        0  stm32l0xx_hal_uart.o(i.UART_EndRxTransfer)
    UART_EndRxTransfer                       0x08002e11   Thumb Code    30  stm32l0xx_hal_uart.o(i.UART_EndRxTransfer)
    i.UART_Receive_IT                        0x08002e2e   Section        0  stm32l0xx_hal_uart.o(i.UART_Receive_IT)
    UART_Receive_IT                          0x08002e2f   Thumb Code   126  stm32l0xx_hal_uart.o(i.UART_Receive_IT)
    i.UART_SetConfig                         0x08002eac   Section        0  stm32l0xx_hal_uart.o(i.UART_SetConfig)
    i.UART_Transmit_IT                       0x080030a4   Section        0  stm32l0xx_hal_uart.o(i.UART_Transmit_IT)
    UART_Transmit_IT                         0x080030a5   Thumb Code   102  stm32l0xx_hal_uart.o(i.UART_Transmit_IT)
    i.UART_WaitOnFlagUntilTimeout            0x0800310a   Section        0  stm32l0xx_hal_uart.o(i.UART_WaitOnFlagUntilTimeout)
    i.USART2_IRQHandler                      0x0800316c   Section        0  main.o(i.USART2_IRQHandler)
    i.USART2_ReInit                          0x080031c4   Section        0  main.o(i.USART2_ReInit)
    USART2_ReInit                            0x080031c5   Thumb Code    56  main.o(i.USART2_ReInit)
    i.WakeRestart                            0x08003208   Section        0  main.o(i.WakeRestart)
    i.WriteCode                              0x08003298   Section        0  main.o(i.WriteCode)
    i.WriteData                              0x080032a2   Section        0  main.o(i.WriteData)
    i.Write_Byte                             0x080032ac   Section        0  main.o(i.Write_Byte)
    i.__ARM_common_switch8                   0x08003314   Section        0  main.o(i.__ARM_common_switch8)
    i.__scatterload_copy                     0x0800332e   Section       14  handlers.o(i.__scatterload_copy)
    i.__scatterload_null                     0x0800333c   Section        2  handlers.o(i.__scatterload_null)
    i.__scatterload_zeroinit                 0x0800333e   Section       14  handlers.o(i.__scatterload_zeroinit)
    i.clearscreen                            0x0800334c   Section        0  main.o(i.clearscreen)
    i.delay                                  0x0800337c   Section        0  main.o(i.delay)
    i.delay_hz                               0x08003394   Section        0  main.o(i.delay_hz)
    i.dot_per                                0x080033a4   Section        0  main.o(i.dot_per)
    i.errorsGet                              0x08003418   Section        0  main.o(i.errorsGet)
    i.find_next                              0x08003490   Section        0  main.o(i.find_next)
    i.main                                   0x08003508   Section        0  main.o(i.main)
    i.oneline                                0x080051ac   Section        0  main.o(i.oneline)
    i.pa7_out                                0x08005210   Section        0  main.o(i.pa7_out)
    i.pa7_spi                                0x08005230   Section        0  main.o(i.pa7_spi)
    i.placedchar                             0x08005254   Section        0  main.o(i.placedchar)
    i.scr_cnt                                0x08005288   Section        0  main.o(i.scr_cnt)
    i.scr_time                               0x08005312   Section        0  main.o(i.scr_time)
    i.scr_time_down                          0x080053d0   Section        0  main.o(i.scr_time_down)
    i.screen_init                            0x0800544c   Section        0  main.o(i.screen_init)
    i.timer1_init                            0x08005488   Section        0  main.o(i.timer1_init)
    i.timer2_init                            0x080054e8   Section        0  main.o(i.timer2_init)
    i.twolines                               0x08005544   Section        0  main.o(i.twolines)
    .constdata                               0x080055cc   Section     2201  main.o(.constdata)
    .constdata                               0x08005e65   Section       25  system_stm32l0xx.o(.constdata)
    .constdata                               0x08005e7e   Section        8  system_stm32l0xx.o(.constdata)
    .data                                    0x20000000   Section      117  main.o(.data)
    .data                                    0x20000078   Section        4  stm32l0xx_hal.o(.data)
    .data                                    0x2000007c   Section        4  system_stm32l0xx.o(.data)
    .bss                                     0x20000080   Section      944  main.o(.bss)
    .bss                                     0x20000430   Section       24  stm32l0xx_hal_flash.o(.bss)
    STACK                                    0x20000448   Section     1024  startup_stm32l031xx.o(STACK)

    Global Symbols

    Symbol Name                              Value     Ov Type        Size  Object(Section)

    BuildAttributes$$THM_ISAv3M$S$PE$A:L22$X:L11$S22$IEEE1$IW$USESV6$~STKCKD$USESV7$~SHL$OSPACE$EBA8$MICROLIB$REQ8$PRES8$EABIv2 0x00000000   Number         0  anon$$obj.o ABSOLUTE
    __ARM_use_no_argv                        0x00000000   Number         0  main.o ABSOLUTE
    __cpp_initialize__aeabi_                  - Undefined Weak Reference
    __cxa_finalize                            - Undefined Weak Reference
    __decompress                              - Undefined Weak Reference
    _clock_init                               - Undefined Weak Reference
    _microlib_exit                            - Undefined Weak Reference
    __Vectors_Size                           0x000000c0   Number         0  startup_stm32l031xx.o ABSOLUTE
    __Vectors                                0x08000000   Data           4  startup_stm32l031xx.o(RESET)
    __Vectors_End                            0x080000c0   Data           0  startup_stm32l031xx.o(RESET)
    __main                                   0x080000c1   Thumb Code     0  entry.o(.ARM.Collect$$$$00000000)
    _main_stk                                0x080000c1   Thumb Code     0  entry2.o(.ARM.Collect$$$$00000001)
    _main_scatterload                        0x080000c5   Thumb Code     0  entry5.o(.ARM.Collect$$$$00000004)
    __main_after_scatterload                 0x080000c9   Thumb Code     0  entry5.o(.ARM.Collect$$$$00000004)
    _main_clock                              0x080000c9   Thumb Code     0  entry7b.o(.ARM.Collect$$$$00000008)
    _main_cpp_init                           0x080000c9   Thumb Code     0  entry8b.o(.ARM.Collect$$$$0000000A)
    _main_init                               0x080000c9   Thumb Code     0  entry9a.o(.ARM.Collect$$$$0000000B)
    __rt_final_cpp                           0x080000d1   Thumb Code     0  entry10a.o(.ARM.Collect$$$$0000000D)
    __rt_final_exit                          0x080000d1   Thumb Code     0  entry11a.o(.ARM.Collect$$$$0000000F)
    Reset_Handler                            0x080000d5   Thumb Code     8  startup_stm32l031xx.o(.text)
    ADC1_COMP_IRQHandler                     0x080000e7   Thumb Code     0  startup_stm32l031xx.o(.text)
    DMA1_Channel1_IRQHandler                 0x080000e7   Thumb Code     0  startup_stm32l031xx.o(.text)
    DMA1_Channel2_3_IRQHandler               0x080000e7   Thumb Code     0  startup_stm32l031xx.o(.text)
    DMA1_Channel4_5_6_7_IRQHandler           0x080000e7   Thumb Code     0  startup_stm32l031xx.o(.text)
    EXTI4_15_IRQHandler                      0x080000e7   Thumb Code     0  startup_stm32l031xx.o(.text)
    FLASH_IRQHandler                         0x080000e7   Thumb Code     0  startup_stm32l031xx.o(.text)
    I2C1_IRQHandler                          0x080000e7   Thumb Code     0  startup_stm32l031xx.o(.text)
    LPTIM1_IRQHandler                        0x080000e7   Thumb Code     0  startup_stm32l031xx.o(.text)
    LPUART1_IRQHandler                       0x080000e7   Thumb Code     0  startup_stm32l031xx.o(.text)
    PVD_IRQHandler                           0x080000e7   Thumb Code     0  startup_stm32l031xx.o(.text)
    RCC_IRQHandler                           0x080000e7   Thumb Code     0  startup_stm32l031xx.o(.text)
    SPI1_IRQHandler                          0x080000e7   Thumb Code     0  startup_stm32l031xx.o(.text)
    WWDG_IRQHandler                          0x080000e7   Thumb Code     0  startup_stm32l031xx.o(.text)
    __aeabi_uidiv                            0x080000f1   Thumb Code     0  uidiv.o(.text)
    __aeabi_uidivmod                         0x080000f1   Thumb Code    44  uidiv.o(.text)
    __aeabi_idiv                             0x0800011d   Thumb Code     0  idiv.o(.text)
    __aeabi_idivmod                          0x0800011d   Thumb Code    40  idiv.o(.text)
    __aeabi_uldivmod                         0x08000145   Thumb Code    96  uldiv.o(.text)
    strlen                                   0x080001a5   Thumb Code    14  strlen.o(.text)
    __aeabi_llsl                             0x080001b3   Thumb Code    32  llshl.o(.text)
    _ll_shift_l                              0x080001b3   Thumb Code     0  llshl.o(.text)
    __aeabi_llsr                             0x080001d3   Thumb Code    34  llushr.o(.text)
    _ll_ushift_r                             0x080001d3   Thumb Code     0  llushr.o(.text)
    __scatterload                            0x080001f5   Thumb Code    28  init.o(.text)
    __scatterload_rt2                        0x080001f5   Thumb Code     0  init.o(.text)
    CRC16                                    0x080002a1   Thumb Code    66  main.o(i.CRC16)
    EXTI0_1_IRQHandler                       0x080002e9   Thumb Code    10  stm32l0xx_it.o(i.EXTI0_1_IRQHandler)
    EXTI2_3_IRQHandler                       0x080002f3   Thumb Code    10  stm32l0xx_it.o(i.EXTI2_3_IRQHandler)
    FLASH_PageErase                          0x080002fd   Thumb Code    34  stm32l0xx_hal_flash_ex.o(i.FLASH_PageErase)
    FLASH_WaitForLastOperation               0x080003b9   Thumb Code   106  stm32l0xx_hal_flash.o(i.FLASH_WaitForLastOperation)
    FlashRoyal                               0x08000429   Thumb Code   160  main.o(i.FlashRoyal)
    HAL_ADC_ConfigChannel                    0x080004d5   Thumb Code   140  stm32l0xx_hal_adc.o(i.HAL_ADC_ConfigChannel)
    HAL_ADC_GetValue                         0x08000569   Thumb Code     6  stm32l0xx_hal_adc.o(i.HAL_ADC_GetValue)
    HAL_ADC_Init                             0x08000571   Thumb Code   442  stm32l0xx_hal_adc.o(i.HAL_ADC_Init)
    HAL_ADC_MspInit                          0x08000735   Thumb Code    48  stm32l0xx_hal_msp.o(i.HAL_ADC_MspInit)
    HAL_ADC_PollForConversion                0x0800076d   Thumb Code   190  stm32l0xx_hal_adc.o(i.HAL_ADC_PollForConversion)
    HAL_ADC_Start                            0x0800082d   Thumb Code    86  stm32l0xx_hal_adc.o(i.HAL_ADC_Start)
    HAL_DMA_Abort_IT                         0x08000889   Thumb Code   148  stm32l0xx_hal_dma.o(i.HAL_DMA_Abort_IT)
    HAL_Delay                                0x08000921   Thumb Code    22  stm32l0xx_hal.o(i.HAL_Delay)
    HAL_FLASHEx_Erase                        0x08000939   Thumb Code   102  stm32l0xx_hal_flash_ex.o(i.HAL_FLASHEx_Erase)
    HAL_FLASH_Lock                           0x080009ad   Thumb Code    14  stm32l0xx_hal_flash.o(i.HAL_FLASH_Lock)
    HAL_FLASH_Program                        0x080009c1   Thumb Code    50  stm32l0xx_hal_flash.o(i.HAL_FLASH_Program)
    HAL_FLASH_Unlock                         0x080009fd   Thumb Code    38  stm32l0xx_hal_flash.o(i.HAL_FLASH_Unlock)
    HAL_GPIO_EXTI_Callback                   0x08000a39   Thumb Code     2  main.o(i.HAL_GPIO_EXTI_Callback)
    HAL_GPIO_EXTI_IRQHandler                 0x08000a3d   Thumb Code    18  stm32l0xx_hal_gpio.o(i.HAL_GPIO_EXTI_IRQHandler)
    HAL_GPIO_Init                            0x08000a55   Thumb Code   302  stm32l0xx_hal_gpio.o(i.HAL_GPIO_Init)
    HAL_GPIO_ReadPin                         0x08000b9d   Thumb Code    10  stm32l0xx_hal_gpio.o(i.HAL_GPIO_ReadPin)
    HAL_GPIO_WritePin                        0x08000ba7   Thumb Code    12  stm32l0xx_hal_gpio.o(i.HAL_GPIO_WritePin)
    HAL_GetTick                              0x08000bb5   Thumb Code     6  stm32l0xx_hal.o(i.HAL_GetTick)
    HAL_IWDG_Init                            0x08000bc1   Thumb Code    86  stm32l0xx_hal_iwdg.o(i.HAL_IWDG_Init)
    HAL_IWDG_Refresh                         0x08000c25   Thumb Code    10  stm32l0xx_hal_iwdg.o(i.HAL_IWDG_Refresh)
    HAL_IncTick                              0x08000c35   Thumb Code    10  stm32l0xx_hal.o(i.HAL_IncTick)
    HAL_Init                                 0x08000c45   Thumb Code    26  stm32l0xx_hal.o(i.HAL_Init)
    HAL_InitTick                             0x08000c65   Thumb Code    34  stm32l0xx_hal.o(i.HAL_InitTick)
    HAL_MspInit                              0x08000c8d   Thumb Code    52  stm32l0xx_hal_msp.o(i.HAL_MspInit)
    HAL_NVIC_EnableIRQ                       0x08000cc5   Thumb Code    14  stm32l0xx_hal_cortex.o(i.HAL_NVIC_EnableIRQ)
    HAL_NVIC_SetPriority                     0x08000cd9   Thumb Code     8  stm32l0xx_hal_cortex.o(i.HAL_NVIC_SetPriority)
    HAL_PWREx_EnableFastWakeUp               0x08000ce1   Thumb Code    12  stm32l0xx_hal_pwr_ex.o(i.HAL_PWREx_EnableFastWakeUp)
    HAL_PWREx_EnableUltraLowPower            0x08000cf1   Thumb Code    12  stm32l0xx_hal_pwr_ex.o(i.HAL_PWREx_EnableUltraLowPower)
    HAL_PWR_EnableBkUpAccess                 0x08000d01   Thumb Code    12  stm32l0xx_hal_pwr.o(i.HAL_PWR_EnableBkUpAccess)
    HAL_PWR_EnterSTOPMode                    0x08000d11   Thumb Code    44  stm32l0xx_hal_pwr.o(i.HAL_PWR_EnterSTOPMode)
    HAL_RCCEx_GetPeriphCLKFreq               0x08000d45   Thumb Code   246  stm32l0xx_hal_rcc_ex.o(i.HAL_RCCEx_GetPeriphCLKFreq)
    HAL_RCCEx_PeriphCLKConfig                0x08000e59   Thumb Code   340  stm32l0xx_hal_rcc_ex.o(i.HAL_RCCEx_PeriphCLKConfig)
    HAL_RCC_ClockConfig                      0x08000fb9   Thumb Code   340  stm32l0xx_hal_rcc.o(i.HAL_RCC_ClockConfig)
    HAL_RCC_GetHCLKFreq                      0x08001121   Thumb Code     6  stm32l0xx_hal_rcc.o(i.HAL_RCC_GetHCLKFreq)
    HAL_RCC_GetPCLK1Freq                     0x0800112d   Thumb Code    20  stm32l0xx_hal_rcc.o(i.HAL_RCC_GetPCLK1Freq)
    HAL_RCC_GetPCLK2Freq                     0x0800114d   Thumb Code    20  stm32l0xx_hal_rcc.o(i.HAL_RCC_GetPCLK2Freq)
    HAL_RCC_GetSysClockFreq                  0x0800116d   Thumb Code   102  stm32l0xx_hal_rcc.o(i.HAL_RCC_GetSysClockFreq)
    HAL_RCC_OscConfig                        0x080011e9   Thumb Code   974  stm32l0xx_hal_rcc.o(i.HAL_RCC_OscConfig)
    HAL_RS485Ex_Init                         0x080015d5   Thumb Code   138  stm32l0xx_hal_uart_ex.o(i.HAL_RS485Ex_Init)
    HAL_RTCEx_BKUPRead                       0x08001665   Thumb Code    12  stm32l0xx_hal_rtc_ex.o(i.HAL_RTCEx_BKUPRead)
    HAL_RTCEx_BKUPWrite                      0x08001671   Thumb Code    12  stm32l0xx_hal_rtc_ex.o(i.HAL_RTCEx_BKUPWrite)
    HAL_RTCEx_DeactivateWakeUpTimer          0x0800167d   Thumb Code   122  stm32l0xx_hal_rtc_ex.o(i.HAL_RTCEx_DeactivateWakeUpTimer)
    HAL_RTCEx_SetWakeUpTimer_IT              0x080016f9   Thumb Code   230  stm32l0xx_hal_rtc_ex.o(i.HAL_RTCEx_SetWakeUpTimer_IT)
    HAL_RTCEx_WakeUpTimerEventCallback       0x080017e9   Thumb Code    12  main.o(i.HAL_RTCEx_WakeUpTimerEventCallback)
    HAL_RTCEx_WakeUpTimerIRQHandler          0x080017f9   Thumb Code    48  stm32l0xx_hal_rtc_ex.o(i.HAL_RTCEx_WakeUpTimerIRQHandler)
    HAL_RTC_GetDate                          0x08001831   Thumb Code    68  stm32l0xx_hal_rtc.o(i.HAL_RTC_GetDate)
    HAL_RTC_GetTime                          0x08001875   Thumb Code    88  stm32l0xx_hal_rtc.o(i.HAL_RTC_GetTime)
    HAL_RTC_Init                             0x080018d1   Thumb Code   160  stm32l0xx_hal_rtc.o(i.HAL_RTC_Init)
    HAL_RTC_MspInit                          0x08001975   Thumb Code    22  stm32l0xx_hal_msp.o(i.HAL_RTC_MspInit)
    HAL_RTC_SetDate                          0x08001995   Thumb Code   202  stm32l0xx_hal_rtc.o(i.HAL_RTC_SetDate)
    HAL_RTC_SetTime                          0x08001a65   Thumb Code   234  stm32l0xx_hal_rtc.o(i.HAL_RTC_SetTime)
    HAL_RTC_WaitForSynchro                   0x08001b55   Thumb Code    52  stm32l0xx_hal_rtc.o(i.HAL_RTC_WaitForSynchro)
    HAL_SPI_Init                             0x08001b89   Thumb Code   122  stm32l0xx_hal_spi.o(i.HAL_SPI_Init)
    HAL_SPI_MspInit                          0x08001c05   Thumb Code    54  stm32l0xx_hal_msp.o(i.HAL_SPI_MspInit)
    HAL_SPI_Transmit                         0x08001c45   Thumb Code   336  stm32l0xx_hal_spi.o(i.HAL_SPI_Transmit)
    HAL_SYSTICK_CLKSourceConfig              0x08001d95   Thumb Code    20  stm32l0xx_hal_cortex.o(i.HAL_SYSTICK_CLKSourceConfig)
    HAL_SYSTICK_Callback                     0x08001dad   Thumb Code     2  stm32l0xx_hal_cortex.o(i.HAL_SYSTICK_Callback)
    HAL_SYSTICK_Config                       0x08001db1   Thumb Code    38  stm32l0xx_hal_cortex.o(i.HAL_SYSTICK_Config)
    HAL_SYSTICK_IRQHandler                   0x08001de1   Thumb Code     8  stm32l0xx_hal_cortex.o(i.HAL_SYSTICK_IRQHandler)
    HAL_TIMEx_MasterConfigSynchronization    0x08001de9   Thumb Code    72  stm32l0xx_hal_tim_ex.o(i.HAL_TIMEx_MasterConfigSynchronization)
    HAL_TIM_Base_Init                        0x08001e31   Thumb Code    52  stm32l0xx_hal_tim.o(i.HAL_TIM_Base_Init)
    HAL_TIM_Base_MspInit                     0x08001e65   Thumb Code    22  stm32l0xx_hal_msp.o(i.HAL_TIM_Base_MspInit)
    HAL_TIM_Base_Start_IT                    0x08001e81   Thumb Code    22  stm32l0xx_hal_tim.o(i.HAL_TIM_Base_Start_IT)
    HAL_TIM_Base_Stop_IT                     0x08001e99   Thumb Code    32  stm32l0xx_hal_tim.o(i.HAL_TIM_Base_Stop_IT)
    HAL_TIM_ConfigClockSource                0x08001ebd   Thumb Code   236  stm32l0xx_hal_tim.o(i.HAL_TIM_ConfigClockSource)
    HAL_TIM_IC_CaptureCallback               0x08001fa9   Thumb Code     2  stm32l0xx_hal_tim.o(i.HAL_TIM_IC_CaptureCallback)
    HAL_TIM_IRQHandler                       0x08001fab   Thumb Code   294  stm32l0xx_hal_tim.o(i.HAL_TIM_IRQHandler)
    HAL_TIM_OC_DelayElapsedCallback          0x080020d1   Thumb Code     2  stm32l0xx_hal_tim.o(i.HAL_TIM_OC_DelayElapsedCallback)
    HAL_TIM_PWM_PulseFinishedCallback        0x080020d3   Thumb Code     2  stm32l0xx_hal_tim.o(i.HAL_TIM_PWM_PulseFinishedCallback)
    HAL_TIM_PeriodElapsedCallback            0x080020d5   Thumb Code     2  stm32l0xx_hal_tim.o(i.HAL_TIM_PeriodElapsedCallback)
    HAL_TIM_TriggerCallback                  0x080020d7   Thumb Code     2  stm32l0xx_hal_tim.o(i.HAL_TIM_TriggerCallback)
    HAL_UARTEx_WakeupCallback                0x080020d9   Thumb Code     2  stm32l0xx_hal_uart_ex.o(i.HAL_UARTEx_WakeupCallback)
    HAL_UART_ErrorCallback                   0x080020db   Thumb Code     2  stm32l0xx_hal_uart.o(i.HAL_UART_ErrorCallback)
    HAL_UART_IRQHandler                      0x080020dd   Thumb Code   318  stm32l0xx_hal_uart.o(i.HAL_UART_IRQHandler)
    HAL_UART_MspInit                         0x08002221   Thumb Code    74  stm32l0xx_hal_msp.o(i.HAL_UART_MspInit)
    HAL_UART_Receive_IT                      0x08002279   Thumb Code   154  stm32l0xx_hal_uart.o(i.HAL_UART_Receive_IT)
    HAL_UART_RxCpltCallback                  0x08002319   Thumb Code     2  stm32l0xx_hal_uart.o(i.HAL_UART_RxCpltCallback)
    HAL_UART_Transmit                        0x0800231b   Thumb Code   200  stm32l0xx_hal_uart.o(i.HAL_UART_Transmit)
    HAL_UART_TxCpltCallback                  0x080023e3   Thumb Code     2  stm32l0xx_hal_uart.o(i.HAL_UART_TxCpltCallback)
    HardFault_Handler                        0x080023e5   Thumb Code     2  stm32l0xx_it.o(i.HardFault_Handler)
    KormPlacement                            0x080023e9   Thumb Code   226  main.o(i.KormPlacement)
    MinusOne                                 0x0800278d   Thumb Code    12  main.o(i.MinusOne)
    NMI_Handler                              0x08002799   Thumb Code     2  stm32l0xx_it.o(i.NMI_Handler)
    PendSV_Handler                           0x08002839   Thumb Code     2  stm32l0xx_it.o(i.PendSV_Handler)
    PlusOne                                  0x0800283b   Thumb Code    12  main.o(i.PlusOne)
    RTC_Bcd2ToByte                           0x080028b9   Thumb Code    16  stm32l0xx_hal_rtc.o(i.RTC_Bcd2ToByte)
    RTC_ByteToBcd2                           0x080028c9   Thumb Code    22  stm32l0xx_hal_rtc.o(i.RTC_ByteToBcd2)
    RTC_EnterInitMode                        0x080028df   Thumb Code    56  stm32l0xx_hal_rtc.o(i.RTC_EnterInitMode)
    RTC_IRQHandler                           0x08002919   Thumb Code    10  main.o(i.RTC_IRQHandler)
    SPI_syn_out                              0x080029cd   Thumb Code    48  main.o(i.SPI_syn_out)
    SVC_Handler                              0x08002a01   Thumb Code     2  stm32l0xx_it.o(i.SVC_Handler)
    SysTick_Handler                          0x08002a03   Thumb Code    12  stm32l0xx_it.o(i.SysTick_Handler)
    SystemClock_Config                       0x08002a11   Thumb Code   164  main.o(i.SystemClock_Config)
    SystemInit                               0x08002abd   Thumb Code    66  system_stm32l0xx.o(i.SystemInit)
    TIM21_IRQHandler                         0x08002b89   Thumb Code    42  main.o(i.TIM21_IRQHandler)
    TIM22_IRQHandler                         0x08002bc1   Thumb Code    26  main.o(i.TIM22_IRQHandler)
    TIM2_IRQHandler                          0x08002bed   Thumb Code    32  main.o(i.TIM2_IRQHandler)
    UART_AdvFeatureConfig                    0x08002cd3   Thumb Code   202  stm32l0xx_hal_uart.o(i.UART_AdvFeatureConfig)
    UART_CheckIdleState                      0x08002d9d   Thumb Code    90  stm32l0xx_hal_uart.o(i.UART_CheckIdleState)
    UART_SetConfig                           0x08002ead   Thumb Code   466  stm32l0xx_hal_uart.o(i.UART_SetConfig)
    UART_WaitOnFlagUntilTimeout              0x0800310b   Thumb Code    96  stm32l0xx_hal_uart.o(i.UART_WaitOnFlagUntilTimeout)
    USART2_IRQHandler                        0x0800316d   Thumb Code    62  main.o(i.USART2_IRQHandler)
    WakeRestart                              0x08003209   Thumb Code   112  main.o(i.WakeRestart)
    WriteCode                                0x08003299   Thumb Code    10  main.o(i.WriteCode)
    WriteData                                0x080032a3   Thumb Code    10  main.o(i.WriteData)
    Write_Byte                               0x080032ad   Thumb Code   100  main.o(i.Write_Byte)
    __ARM_common_switch8                     0x08003315   Thumb Code    26  main.o(i.__ARM_common_switch8)
    __scatterload_copy                       0x0800332f   Thumb Code    14  handlers.o(i.__scatterload_copy)
    __scatterload_null                       0x0800333d   Thumb Code     2  handlers.o(i.__scatterload_null)
    __scatterload_zeroinit                   0x0800333f   Thumb Code    14  handlers.o(i.__scatterload_zeroinit)
    clearscreen                              0x0800334d   Thumb Code    48  main.o(i.clearscreen)
    delay                                    0x0800337d   Thumb Code    24  main.o(i.delay)
    delay_hz                                 0x08003395   Thumb Code    16  main.o(i.delay_hz)
    dot_per                                  0x080033a5   Thumb Code   114  main.o(i.dot_per)
    errorsGet                                0x08003419   Thumb Code   112  main.o(i.errorsGet)
    find_next                                0x08003491   Thumb Code   106  main.o(i.find_next)
    main                                     0x08003509   Thumb Code  7312  main.o(i.main)
    oneline                                  0x080051ad   Thumb Code    96  main.o(i.oneline)
    pa7_out                                  0x08005211   Thumb Code    32  main.o(i.pa7_out)
    pa7_spi                                  0x08005231   Thumb Code    36  main.o(i.pa7_spi)
    placedchar                               0x08005255   Thumb Code    48  main.o(i.placedchar)
    scr_cnt                                  0x08005289   Thumb Code   138  main.o(i.scr_cnt)
    scr_time                                 0x08005313   Thumb Code   190  main.o(i.scr_time)
    scr_time_down                            0x080053d1   Thumb Code   124  main.o(i.scr_time_down)
    screen_init                              0x0800544d   Thumb Code    58  main.o(i.screen_init)
    timer1_init                              0x08005489   Thumb Code    76  main.o(i.timer1_init)
    timer2_init                              0x080054e9   Thumb Code    78  main.o(i.timer2_init)
    twolines                                 0x08005545   Thumb Code   130  main.o(i.twolines)
    state_tabl                               0x080055cc   Data          86  main.o(.constdata)
    CharSet                                  0x08005622   Data        1536  main.o(.constdata)
    auchCRCHi                                0x08005c22   Data         256  main.o(.constdata)
    auchCRCLo                                0x08005d22   Data         256  main.o(.constdata)
    USART_const                              0x08005e24   Data          36  main.o(.constdata)
    TIMER_const                              0x08005e48   Data           9  main.o(.constdata)
    MaxS                                     0x08005e51   Data          20  main.o(.constdata)
    AHBPrescTable                            0x08005e65   Data          16  system_stm32l0xx.o(.constdata)
    PLLMulTable                              0x08005e75   Data           9  system_stm32l0xx.o(.constdata)
    APBPrescTable                            0x08005e7e   Data           8  system_stm32l0xx.o(.constdata)
    Region$$Table$$Base                      0x08005e88   Number         0  anon$$obj.o(Region$$Table)
    Region$$Table$$Limit                     0x08005ea8   Number         0  anon$$obj.o(Region$$Table)
    DEEPSLP                                  0x20000000   Data           1  main.o(.data)
    DEEPWK                                   0x20000001   Data           1  main.o(.data)
    FlagModbGet                              0x20000002   Data           1  main.o(.data)
    NeedChangeSpeed                          0x20000003   Data           1  main.o(.data)
    reScreen                                 0x20000004   Data           1  main.o(.data)
    ADC_cnt                                  0x20000005   Data           1  main.o(.data)
    ADC_frst                                 0x20000006   Data           1  main.o(.data)
    ADC_ready                                0x20000007   Data           1  main.o(.data)
    ADC_dr                                   0x20000008   Data           1  main.o(.data)
    FirstStart                               0x20000009   Data           1  main.o(.data)
    rele                                     0x2000000a   Data           1  main.o(.data)
    SecondCounter                            0x2000000b   Data           1  main.o(.data)
    state                                    0x2000000c   Data           1  main.o(.data)
    double_but                               0x2000000d   Data           1  main.o(.data)
    wait                                     0x2000000e   Data           1  main.o(.data)
    sc_up                                    0x2000000f   Data           1  main.o(.data)
    prev_min                                 0x20000010   Data           1  main.o(.data)
    prev_sec                                 0x20000011   Data           1  main.o(.data)
    MAYSLEEP                                 0x20000012   Data           1  main.o(.data)
    NOTSLEEP                                 0x20000013   Data           1  main.o(.data)
    LOWPOWER                                 0x20000014   Data           1  main.o(.data)
    POWERFAIL                                0x20000015   Data           1  main.o(.data)
    blink                                    0x20000016   Data           1  main.o(.data)
    blon                                     0x20000017   Data           1  main.o(.data)
    two_sec                                  0x20000018   Data           1  main.o(.data)
    twenty_sec                               0x20000019   Data           1  main.o(.data)
    ts_change                                0x2000001a   Data           1  main.o(.data)
    power_not                                0x2000001b   Data           1  main.o(.data)
    MBpower_not                              0x2000001c   Data           1  main.o(.data)
    power                                    0x2000001d   Data           1  main.o(.data)
    power_ch                                 0x2000001e   Data           1  main.o(.data)
    FLSH_WRT_N                               0x2000001f   Data           1  main.o(.data)
    TIME_CH                                  0x20000020   Data           1  main.o(.data)
    VAR_CH                                   0x20000021   Data           1  main.o(.data)
    JUST_FIN                                 0x20000022   Data           1  main.o(.data)
    POWER_KORM                               0x20000023   Data           1  main.o(.data)
    flag_WT                                  0x20000024   Data           1  main.o(.data)
    flag_FT                                  0x20000025   Data           1  main.o(.data)
    NXT_TIME                                 0x20000026   Data           1  main.o(.data)
    CntSec1                                  0x20000027   Data           1  main.o(.data)
    UnSec                                    0x20000028   Data           1  main.o(.data)
    UnSec1                                   0x20000029   Data           1  main.o(.data)
    first_button_press                       0x2000002a   Data           1  main.o(.data)
    flag20                                   0x2000002b   Data           1  main.o(.data)
    sec20                                    0x2000002c   Data           1  main.o(.data)
    sec20cnt                                 0x2000002d   Data           1  main.o(.data)
    res_wr_index                             0x2000002e   Data           1  main.o(.data)
    ADC_old                                  0x2000002f   Data           1  main.o(.data)
    but_p                                    0x20000030   Data           1  main.o(.data)
    but_plus                                 0x20000031   Data           1  main.o(.data)
    but_minus                                0x20000032   Data           1  main.o(.data)
    reset_t                                  0x20000033   Data           1  main.o(.data)
    CntMin1                                  0x20000034   Data           1  main.o(.data)
    UnHr                                     0x20000035   Data           1  main.o(.data)
    UnMin                                    0x20000036   Data           1  main.o(.data)
    UnMin1                                   0x20000037   Data           1  main.o(.data)
    MOTOR_TIME                               0x20000038   Data           2  main.o(.data)
    MOTOR_TIME1                              0x2000003a   Data           2  main.o(.data)
    CRCCod                                   0x2000003c   Data           2  main.o(.data)
    DayUp                                    0x2000003e   Data           2  main.o(.data)
    PauseT                                   0x20000040   Data           4  main.o(.data)
    PT1                                      0x20000044   Data           4  main.o(.data)
    Korm_Now                                 0x20000048   Data           4  main.o(.data)
    Korm_St                                  0x2000004c   Data           4  main.o(.data)
    Korm_St1                                 0x20000050   Data           4  main.o(.data)
    Korm_Fn                                  0x20000054   Data           4  main.o(.data)
    Korm_Fn1                                 0x20000058   Data           4  main.o(.data)
    ik                                       0x2000005c   Data           4  main.o(.data)
    FLASH_BUF                                0x20000060   Data           4  main.o(.data)
    RTC_Date1                                0x20000064   Data           4  main.o(.data)
    Tick1                                    0x20000068   Data           4  main.o(.data)
    Tick2                                    0x2000006c   Data           4  main.o(.data)
    reg_MB2                                  0x20000070   Data           5  main.o(.data)
    uwTick                                   0x20000078   Data           4  stm32l0xx_hal.o(.data)
    SystemCoreClock                          0x2000007c   Data           4  system_stm32l0xx.o(.data)
    hadc                                     0x20000080   Data          96  main.o(.bss)
    hrtc                                     0x200000e0   Data          36  main.o(.bss)
    hspi1                                    0x20000104   Data          88  main.o(.bss)
    htim2                                    0x2000015c   Data          56  main.o(.bss)
    huart2                                   0x20000194   Data         112  main.o(.bss)
    hiwdg                                    0x20000204   Data          16  main.o(.bss)
    htim22                                   0x20000214   Data          56  main.o(.bss)
    htim21                                   0x2000024c   Data          56  main.o(.bss)
    reg_MB                                   0x20000284   Data          30  main.o(.bss)
    res_buffer                               0x200002a2   Data          20  main.o(.bss)
    write_buffer                             0x200002b6   Data          60  main.o(.bss)
    Korm                                     0x200002f2   Data         297  main.o(.bss)
    RTC_DateTime                             0x2000041c   Data          20  main.o(.bss)
    pFlash                                   0x20000430   Data          24  stm32l0xx_hal_flash.o(.bss)
    __initial_sp                             0x20000848   Data           0  startup_stm32l031xx.o(STACK)



==============================================================================

Memory Map of the image

  Image Entry point : 0x080000c1

  Load Region LR_IROM1 (Base: 0x08000000, Size: 0x00005f28, Max: 0x00008000, ABSOLUTE)

    Execution Region ER_IROM1 (Exec base: 0x08000000, Load base: 0x08000000, Size: 0x00005ea8, Max: 0x00008000, ABSOLUTE)

    Exec Addr    Load Addr    Size         Type   Attr      Idx    E Section Name        Object

    0x08000000   0x08000000   0x000000c0   Data   RO            3    RESET               startup_stm32l031xx.o
    0x080000c0   0x080000c0   0x00000000   Code   RO         4009  * .ARM.Collect$$$$00000000  mc_p.l(entry.o)
    0x080000c0   0x080000c0   0x00000004   Code   RO         4022    .ARM.Collect$$$$00000001  mc_p.l(entry2.o)
    0x080000c4   0x080000c4   0x00000004   Code   RO         4025    .ARM.Collect$$$$00000004  mc_p.l(entry5.o)
    0x080000c8   0x080000c8   0x00000000   Code   RO         4027    .ARM.Collect$$$$00000008  mc_p.l(entry7b.o)
    0x080000c8   0x080000c8   0x00000000   Code   RO         4029    .ARM.Collect$$$$0000000A  mc_p.l(entry8b.o)
    0x080000c8   0x080000c8   0x00000008   Code   RO         4030    .ARM.Collect$$$$0000000B  mc_p.l(entry9a.o)
    0x080000d0   0x080000d0   0x00000000   Code   RO         4032    .ARM.Collect$$$$0000000D  mc_p.l(entry10a.o)
    0x080000d0   0x080000d0   0x00000000   Code   RO         4034    .ARM.Collect$$$$0000000F  mc_p.l(entry11a.o)
    0x080000d0   0x080000d0   0x00000004   Code   RO         4023    .ARM.Collect$$$$00002712  mc_p.l(entry2.o)
    0x080000d4   0x080000d4   0x0000001c   Code   RO            4    .text               startup_stm32l031xx.o
    0x080000f0   0x080000f0   0x0000002c   Code   RO         4012    .text               mc_p.l(uidiv.o)
    0x0800011c   0x0800011c   0x00000028   Code   RO         4014    .text               mc_p.l(idiv.o)
    0x08000144   0x08000144   0x00000060   Code   RO         4016    .text               mc_p.l(uldiv.o)
    0x080001a4   0x080001a4   0x0000000e   Code   RO         4020    .text               mc_p.l(strlen.o)
    0x080001b2   0x080001b2   0x00000020   Code   RO         4036    .text               mc_p.l(llshl.o)
    0x080001d2   0x080001d2   0x00000022   Code   RO         4038    .text               mc_p.l(llushr.o)
    0x080001f4   0x080001f4   0x00000024   Code   RO         4040    .text               mc_p.l(init.o)
    0x08000218   0x08000218   0x00000024   Code   RO          614    i.ADC_DelayMicroSecond  stm32l0xx_hal_adc.o
    0x0800023c   0x0800023c   0x00000064   Code   RO          616    i.ADC_Enable        stm32l0xx_hal_adc.o
    0x080002a0   0x080002a0   0x00000048   Code   RO           12    i.CRC16             main.o
    0x080002e8   0x080002e8   0x0000000a   Code   RO          464    i.EXTI0_1_IRQHandler  stm32l0xx_it.o
    0x080002f2   0x080002f2   0x0000000a   Code   RO          465    i.EXTI2_3_IRQHandler  stm32l0xx_it.o
    0x080002fc   0x080002fc   0x0000002c   Code   RO         3462    i.FLASH_PageErase   stm32l0xx_hal_flash_ex.o
    0x08000328   0x08000328   0x00000090   Code   RO         3367    i.FLASH_SetErrorCode  stm32l0xx_hal_flash.o
    0x080003b8   0x080003b8   0x00000070   Code   RO         3368    i.FLASH_WaitForLastOperation  stm32l0xx_hal_flash.o
    0x08000428   0x08000428   0x000000ac   Code   RO           14    i.FlashRoyal        main.o
    0x080004d4   0x080004d4   0x00000094   Code   RO          618    i.HAL_ADC_ConfigChannel  stm32l0xx_hal_adc.o
    0x08000568   0x08000568   0x00000006   Code   RO          625    i.HAL_ADC_GetValue  stm32l0xx_hal_adc.o
    0x0800056e   0x0800056e   0x00000002   PAD
    0x08000570   0x08000570   0x000001c4   Code   RO          627    i.HAL_ADC_Init      stm32l0xx_hal_adc.o
    0x08000734   0x08000734   0x00000038   Code   RO          531    i.HAL_ADC_MspInit   stm32l0xx_hal_msp.o
    0x0800076c   0x0800076c   0x000000be   Code   RO          631    i.HAL_ADC_PollForConversion  stm32l0xx_hal_adc.o
    0x0800082a   0x0800082a   0x00000002   PAD
    0x0800082c   0x0800082c   0x0000005c   Code   RO          633    i.HAL_ADC_Start     stm32l0xx_hal_adc.o
    0x08000888   0x08000888   0x00000098   Code   RO         3634    i.HAL_DMA_Abort_IT  stm32l0xx_hal_dma.o
    0x08000920   0x08000920   0x00000016   Code   RO         2527    i.HAL_Delay         stm32l0xx_hal.o
    0x08000936   0x08000936   0x00000002   PAD
    0x08000938   0x08000938   0x00000074   Code   RO         3471    i.HAL_FLASHEx_Erase  stm32l0xx_hal_flash_ex.o
    0x080009ac   0x080009ac   0x00000014   Code   RO         3372    i.HAL_FLASH_Lock    stm32l0xx_hal_flash.o
    0x080009c0   0x080009c0   0x0000003c   Code   RO         3377    i.HAL_FLASH_Program  stm32l0xx_hal_flash.o
    0x080009fc   0x080009fc   0x0000003c   Code   RO         3379    i.HAL_FLASH_Unlock  stm32l0xx_hal_flash.o
    0x08000a38   0x08000a38   0x00000002   Code   RO           16    i.HAL_GPIO_EXTI_Callback  main.o
    0x08000a3a   0x08000a3a   0x00000002   PAD
    0x08000a3c   0x08000a3c   0x00000018   Code   RO         3572    i.HAL_GPIO_EXTI_IRQHandler  stm32l0xx_hal_gpio.o
    0x08000a54   0x08000a54   0x00000148   Code   RO         3573    i.HAL_GPIO_Init     stm32l0xx_hal_gpio.o
    0x08000b9c   0x08000b9c   0x0000000a   Code   RO         3575    i.HAL_GPIO_ReadPin  stm32l0xx_hal_gpio.o
    0x08000ba6   0x08000ba6   0x0000000c   Code   RO         3577    i.HAL_GPIO_WritePin  stm32l0xx_hal_gpio.o
    0x08000bb2   0x08000bb2   0x00000002   PAD
    0x08000bb4   0x08000bb4   0x0000000c   Code   RO         2531    i.HAL_GetTick       stm32l0xx_hal.o
    0x08000bc0   0x08000bc0   0x00000064   Code   RO          847    i.HAL_IWDG_Init     stm32l0xx_hal_iwdg.o
    0x08000c24   0x08000c24   0x00000010   Code   RO          848    i.HAL_IWDG_Refresh  stm32l0xx_hal_iwdg.o
    0x08000c34   0x08000c34   0x00000010   Code   RO         2532    i.HAL_IncTick       stm32l0xx_hal.o
    0x08000c44   0x08000c44   0x00000020   Code   RO         2533    i.HAL_Init          stm32l0xx_hal.o
    0x08000c64   0x08000c64   0x00000028   Code   RO         2534    i.HAL_InitTick      stm32l0xx_hal.o
    0x08000c8c   0x08000c8c   0x00000038   Code   RO          532    i.HAL_MspInit       stm32l0xx_hal_msp.o
    0x08000cc4   0x08000cc4   0x00000014   Code   RO         3885    i.HAL_NVIC_EnableIRQ  stm32l0xx_hal_cortex.o
    0x08000cd8   0x08000cd8   0x00000008   Code   RO         3889    i.HAL_NVIC_SetPriority  stm32l0xx_hal_cortex.o
    0x08000ce0   0x08000ce0   0x00000010   Code   RO         3830    i.HAL_PWREx_EnableFastWakeUp  stm32l0xx_hal_pwr_ex.o
    0x08000cf0   0x08000cf0   0x00000010   Code   RO         3832    i.HAL_PWREx_EnableUltraLowPower  stm32l0xx_hal_pwr_ex.o
    0x08000d00   0x08000d00   0x00000010   Code   RO         3718    i.HAL_PWR_EnableBkUpAccess  stm32l0xx_hal_pwr.o
    0x08000d10   0x08000d10   0x00000034   Code   RO         3725    i.HAL_PWR_EnterSTOPMode  stm32l0xx_hal_pwr.o
    0x08000d44   0x08000d44   0x00000114   Code   RO         3260    i.HAL_RCCEx_GetPeriphCLKFreq  stm32l0xx_hal_rcc_ex.o
    0x08000e58   0x08000e58   0x00000160   Code   RO         3263    i.HAL_RCCEx_PeriphCLKConfig  stm32l0xx_hal_rcc_ex.o
    0x08000fb8   0x08000fb8   0x00000168   Code   RO         3160    i.HAL_RCC_ClockConfig  stm32l0xx_hal_rcc.o
    0x08001120   0x08001120   0x0000000c   Code   RO         3164    i.HAL_RCC_GetHCLKFreq  stm32l0xx_hal_rcc.o
    0x0800112c   0x0800112c   0x00000020   Code   RO         3166    i.HAL_RCC_GetPCLK1Freq  stm32l0xx_hal_rcc.o
    0x0800114c   0x0800114c   0x00000020   Code   RO         3167    i.HAL_RCC_GetPCLK2Freq  stm32l0xx_hal_rcc.o
    0x0800116c   0x0800116c   0x0000007c   Code   RO         3168    i.HAL_RCC_GetSysClockFreq  stm32l0xx_hal_rcc.o
    0x080011e8   0x080011e8   0x000003ec   Code   RO         3171    i.HAL_RCC_OscConfig  stm32l0xx_hal_rcc.o
    0x080015d4   0x080015d4   0x00000090   Code   RO         2457    i.HAL_RS485Ex_Init  stm32l0xx_hal_uart_ex.o
    0x08001664   0x08001664   0x0000000c   Code   RO         1007    i.HAL_RTCEx_BKUPRead  stm32l0xx_hal_rtc_ex.o
    0x08001670   0x08001670   0x0000000c   Code   RO         1008    i.HAL_RTCEx_BKUPWrite  stm32l0xx_hal_rtc_ex.o
    0x0800167c   0x0800167c   0x0000007a   Code   RO         1013    i.HAL_RTCEx_DeactivateWakeUpTimer  stm32l0xx_hal_rtc_ex.o
    0x080016f6   0x080016f6   0x00000002   PAD
    0x080016f8   0x080016f8   0x000000f0   Code   RO         1033    i.HAL_RTCEx_SetWakeUpTimer_IT  stm32l0xx_hal_rtc_ex.o
    0x080017e8   0x080017e8   0x00000010   Code   RO           17    i.HAL_RTCEx_WakeUpTimerEventCallback  main.o
    0x080017f8   0x080017f8   0x00000038   Code   RO         1040    i.HAL_RTCEx_WakeUpTimerIRQHandler  stm32l0xx_hal_rtc_ex.o
    0x08001830   0x08001830   0x00000044   Code   RO          878    i.HAL_RTC_GetDate   stm32l0xx_hal_rtc.o
    0x08001874   0x08001874   0x0000005c   Code   RO          880    i.HAL_RTC_GetTime   stm32l0xx_hal_rtc.o
    0x080018d0   0x080018d0   0x000000a4   Code   RO          881    i.HAL_RTC_Init      stm32l0xx_hal_rtc.o
    0x08001974   0x08001974   0x00000020   Code   RO          534    i.HAL_RTC_MspInit   stm32l0xx_hal_msp.o
    0x08001994   0x08001994   0x000000d0   Code   RO          887    i.HAL_RTC_SetDate   stm32l0xx_hal_rtc.o
    0x08001a64   0x08001a64   0x000000f0   Code   RO          888    i.HAL_RTC_SetTime   stm32l0xx_hal_rtc.o
    0x08001b54   0x08001b54   0x00000034   Code   RO          889    i.HAL_RTC_WaitForSynchro  stm32l0xx_hal_rtc.o
    0x08001b88   0x08001b88   0x0000007a   Code   RO         1238    i.HAL_SPI_Init      stm32l0xx_hal_spi.o
    0x08001c02   0x08001c02   0x00000002   PAD
    0x08001c04   0x08001c04   0x00000040   Code   RO          536    i.HAL_SPI_MspInit   stm32l0xx_hal_msp.o
    0x08001c44   0x08001c44   0x00000150   Code   RO         1246    i.HAL_SPI_Transmit  stm32l0xx_hal_spi.o
    0x08001d94   0x08001d94   0x00000018   Code   RO         3891    i.HAL_SYSTICK_CLKSourceConfig  stm32l0xx_hal_cortex.o
    0x08001dac   0x08001dac   0x00000002   Code   RO         3892    i.HAL_SYSTICK_Callback  stm32l0xx_hal_cortex.o
    0x08001dae   0x08001dae   0x00000002   PAD
    0x08001db0   0x08001db0   0x00000030   Code   RO         3893    i.HAL_SYSTICK_Config  stm32l0xx_hal_cortex.o
    0x08001de0   0x08001de0   0x00000008   Code   RO         3894    i.HAL_SYSTICK_IRQHandler  stm32l0xx_hal_cortex.o
    0x08001de8   0x08001de8   0x00000048   Code   RO         2088    i.HAL_TIMEx_MasterConfigSynchronization  stm32l0xx_hal_tim_ex.o
    0x08001e30   0x08001e30   0x00000034   Code   RO         1467    i.HAL_TIM_Base_Init  stm32l0xx_hal_tim.o
    0x08001e64   0x08001e64   0x0000001c   Code   RO          538    i.HAL_TIM_Base_MspInit  stm32l0xx_hal_msp.o
    0x08001e80   0x08001e80   0x00000016   Code   RO         1472    i.HAL_TIM_Base_Start_IT  stm32l0xx_hal_tim.o
    0x08001e96   0x08001e96   0x00000002   PAD
    0x08001e98   0x08001e98   0x00000024   Code   RO         1475    i.HAL_TIM_Base_Stop_IT  stm32l0xx_hal_tim.o
    0x08001ebc   0x08001ebc   0x000000ec   Code   RO         1476    i.HAL_TIM_ConfigClockSource  stm32l0xx_hal_tim.o
    0x08001fa8   0x08001fa8   0x00000002   Code   RO         1496    i.HAL_TIM_IC_CaptureCallback  stm32l0xx_hal_tim.o
    0x08001faa   0x08001faa   0x00000126   Code   RO         1509    i.HAL_TIM_IRQHandler  stm32l0xx_hal_tim.o
    0x080020d0   0x080020d0   0x00000002   Code   RO         1512    i.HAL_TIM_OC_DelayElapsedCallback  stm32l0xx_hal_tim.o
    0x080020d2   0x080020d2   0x00000002   Code   RO         1539    i.HAL_TIM_PWM_PulseFinishedCallback  stm32l0xx_hal_tim.o
    0x080020d4   0x080020d4   0x00000002   Code   RO         1546    i.HAL_TIM_PeriodElapsedCallback  stm32l0xx_hal_tim.o
    0x080020d6   0x080020d6   0x00000002   Code   RO         1550    i.HAL_TIM_TriggerCallback  stm32l0xx_hal_tim.o
    0x080020d8   0x080020d8   0x00000002   Code   RO         2463    i.HAL_UARTEx_WakeupCallback  stm32l0xx_hal_uart_ex.o
    0x080020da   0x080020da   0x00000002   Code   RO         2136    i.HAL_UART_ErrorCallback  stm32l0xx_hal_uart.o
    0x080020dc   0x080020dc   0x00000144   Code   RO         2139    i.HAL_UART_IRQHandler  stm32l0xx_hal_uart.o
    0x08002220   0x08002220   0x00000058   Code   RO          540    i.HAL_UART_MspInit  stm32l0xx_hal_msp.o
    0x08002278   0x08002278   0x000000a0   Code   RO         2145    i.HAL_UART_Receive_IT  stm32l0xx_hal_uart.o
    0x08002318   0x08002318   0x00000002   Code   RO         2146    i.HAL_UART_RxCpltCallback  stm32l0xx_hal_uart.o
    0x0800231a   0x0800231a   0x000000c8   Code   RO         2148    i.HAL_UART_Transmit  stm32l0xx_hal_uart.o
    0x080023e2   0x080023e2   0x00000002   Code   RO         2151    i.HAL_UART_TxCpltCallback  stm32l0xx_hal_uart.o
    0x080023e4   0x080023e4   0x00000002   Code   RO          466    i.HardFault_Handler  stm32l0xx_it.o
    0x080023e6   0x080023e6   0x00000002   PAD
    0x080023e8   0x080023e8   0x000000ec   Code   RO           18    i.KormPlacement     main.o
    0x080024d4   0x080024d4   0x00000068   Code   RO           19    i.MX_ADC_Init       main.o
    0x0800253c   0x0800253c   0x00000080   Code   RO           20    i.MX_GPIO_Init      main.o
    0x080025bc   0x080025bc   0x00000094   Code   RO           21    i.MX_RTC_Init       main.o
    0x08002650   0x08002650   0x00000040   Code   RO           22    i.MX_SPI1_Init      main.o
    0x08002690   0x08002690   0x00000068   Code   RO           23    i.MX_TIM22_Init     main.o
    0x080026f8   0x080026f8   0x00000058   Code   RO           24    i.MX_TIM2_Init      main.o
    0x08002750   0x08002750   0x0000003c   Code   RO           25    i.MX_USART2_UART_Init  main.o
    0x0800278c   0x0800278c   0x0000000c   Code   RO           26    i.MinusOne          main.o
    0x08002798   0x08002798   0x00000002   Code   RO          467    i.NMI_Handler       stm32l0xx_it.o
    0x0800279a   0x0800279a   0x00000002   PAD
    0x0800279c   0x0800279c   0x00000014   Code   RO           27    i.NVIC_EnableIRQ    main.o
    0x080027b0   0x080027b0   0x00000044   Code   RO           28    i.NVIC_SetPriority  main.o
    0x080027f4   0x080027f4   0x00000044   Code   RO         3895    i.NVIC_SetPriority  stm32l0xx_hal_cortex.o
    0x08002838   0x08002838   0x00000002   Code   RO          468    i.PendSV_Handler    stm32l0xx_it.o
    0x0800283a   0x0800283a   0x0000000c   Code   RO           29    i.PlusOne           main.o
    0x08002846   0x08002846   0x00000002   PAD
    0x08002848   0x08002848   0x00000070   Code   RO         3172    i.RCC_SetFlashLatencyFromMSIRange  stm32l0xx_hal_rcc.o
    0x080028b8   0x080028b8   0x00000010   Code   RO          890    i.RTC_Bcd2ToByte    stm32l0xx_hal_rtc.o
    0x080028c8   0x080028c8   0x00000016   Code   RO          891    i.RTC_ByteToBcd2    stm32l0xx_hal_rtc.o
    0x080028de   0x080028de   0x00000038   Code   RO          892    i.RTC_EnterInitMode  stm32l0xx_hal_rtc.o
    0x08002916   0x08002916   0x00000002   PAD
    0x08002918   0x08002918   0x00000010   Code   RO           30    i.RTC_IRQHandler    main.o
    0x08002928   0x08002928   0x000000a2   Code   RO         1268    i.SPI_WaitOnFlagUntilTimeout  stm32l0xx_hal_spi.o
    0x080029ca   0x080029ca   0x00000002   PAD
    0x080029cc   0x080029cc   0x00000034   Code   RO           31    i.SPI_syn_out       main.o
    0x08002a00   0x08002a00   0x00000002   Code   RO          469    i.SVC_Handler       stm32l0xx_it.o
    0x08002a02   0x08002a02   0x0000000c   Code   RO          470    i.SysTick_Handler   stm32l0xx_it.o
    0x08002a0e   0x08002a0e   0x00000002   PAD
    0x08002a10   0x08002a10   0x000000ac   Code   RO           32    i.SystemClock_Config  main.o
    0x08002abc   0x08002abc   0x00000054   Code   RO         3978    i.SystemInit        system_stm32l0xx.o
    0x08002b10   0x08002b10   0x00000078   Code   RO           34    i.SystemPower_Config  main.o
    0x08002b88   0x08002b88   0x00000038   Code   RO           35    i.TIM21_IRQHandler  main.o
    0x08002bc0   0x08002bc0   0x0000002c   Code   RO           36    i.TIM22_IRQHandler  main.o
    0x08002bec   0x08002bec   0x00000028   Code   RO           37    i.TIM2_IRQHandler   main.o
    0x08002c14   0x08002c14   0x00000050   Code   RO         1551    i.TIM_Base_SetConfig  stm32l0xx_hal_tim.o
    0x08002c64   0x08002c64   0x00000016   Code   RO         1558    i.TIM_ETR_SetConfig  stm32l0xx_hal_tim.o
    0x08002c7a   0x08002c7a   0x00000010   Code   RO         1559    i.TIM_ITRx_SetConfig  stm32l0xx_hal_tim.o
    0x08002c8a   0x08002c8a   0x00000022   Code   RO         1565    i.TIM_TI1_ConfigInputStage  stm32l0xx_hal_tim.o
    0x08002cac   0x08002cac   0x00000026   Code   RO         1567    i.TIM_TI2_ConfigInputStage  stm32l0xx_hal_tim.o
    0x08002cd2   0x08002cd2   0x000000ca   Code   RO         2153    i.UART_AdvFeatureConfig  stm32l0xx_hal_uart.o
    0x08002d9c   0x08002d9c   0x00000060   Code   RO         2154    i.UART_CheckIdleState  stm32l0xx_hal_uart.o
    0x08002dfc   0x08002dfc   0x00000014   Code   RO         2155    i.UART_DMAAbortOnError  stm32l0xx_hal_uart.o
    0x08002e10   0x08002e10   0x0000001e   Code   RO         2165    i.UART_EndRxTransfer  stm32l0xx_hal_uart.o
    0x08002e2e   0x08002e2e   0x0000007e   Code   RO         2167    i.UART_Receive_IT   stm32l0xx_hal_uart.o
    0x08002eac   0x08002eac   0x000001f8   Code   RO         2168    i.UART_SetConfig    stm32l0xx_hal_uart.o
    0x080030a4   0x080030a4   0x00000066   Code   RO         2169    i.UART_Transmit_IT  stm32l0xx_hal_uart.o
    0x0800310a   0x0800310a   0x00000060   Code   RO         2170    i.UART_WaitOnFlagUntilTimeout  stm32l0xx_hal_uart.o
    0x0800316a   0x0800316a   0x00000002   PAD
    0x0800316c   0x0800316c   0x00000058   Code   RO           38    i.USART2_IRQHandler  main.o
    0x080031c4   0x080031c4   0x00000044   Code   RO           39    i.USART2_ReInit     main.o
    0x08003208   0x08003208   0x00000090   Code   RO           40    i.WakeRestart       main.o
    0x08003298   0x08003298   0x0000000a   Code   RO           42    i.WriteCode         main.o
    0x080032a2   0x080032a2   0x0000000a   Code   RO           43    i.WriteData         main.o
    0x080032ac   0x080032ac   0x00000068   Code   RO           44    i.Write_Byte        main.o
    0x08003314   0x08003314   0x0000001a   Code   RO          342    i.__ARM_common_switch8  main.o
    0x0800332e   0x0800332e   0x0000000e   Code   RO         4044    i.__scatterload_copy  mc_p.l(handlers.o)
    0x0800333c   0x0800333c   0x00000002   Code   RO         4045    i.__scatterload_null  mc_p.l(handlers.o)
    0x0800333e   0x0800333e   0x0000000e   Code   RO         4046    i.__scatterload_zeroinit  mc_p.l(handlers.o)
    0x0800334c   0x0800334c   0x00000030   Code   RO           46    i.clearscreen       main.o
    0x0800337c   0x0800337c   0x00000018   Code   RO           47    i.delay             main.o
    0x08003394   0x08003394   0x00000010   Code   RO           48    i.delay_hz          main.o
    0x080033a4   0x080033a4   0x00000072   Code   RO           49    i.dot_per           main.o
    0x08003416   0x08003416   0x00000002   PAD
    0x08003418   0x08003418   0x00000078   Code   RO           50    i.errorsGet         main.o
    0x08003490   0x08003490   0x00000078   Code   RO           51    i.find_next         main.o
    0x08003508   0x08003508   0x00001ca4   Code   RO           52    i.main              main.o
    0x080051ac   0x080051ac   0x00000064   Code   RO           53    i.oneline           main.o
    0x08005210   0x08005210   0x00000020   Code   RO           54    i.pa7_out           main.o
    0x08005230   0x08005230   0x00000024   Code   RO           55    i.pa7_spi           main.o
    0x08005254   0x08005254   0x00000034   Code   RO           56    i.placedchar        main.o
    0x08005288   0x08005288   0x0000008a   Code   RO           59    i.scr_cnt           main.o
    0x08005312   0x08005312   0x000000be   Code   RO           60    i.scr_time          main.o
    0x080053d0   0x080053d0   0x0000007c   Code   RO           61    i.scr_time_down     main.o
    0x0800544c   0x0800544c   0x0000003a   Code   RO           62    i.screen_init       main.o
    0x08005486   0x08005486   0x00000002   PAD
    0x08005488   0x08005488   0x00000060   Code   RO           63    i.timer1_init       main.o
    0x080054e8   0x080054e8   0x0000005c   Code   RO           64    i.timer2_init       main.o
    0x08005544   0x08005544   0x00000088   Code   RO           65    i.twolines          main.o
    0x080055cc   0x080055cc   0x00000899   Data   RO           68    .constdata          main.o
    0x08005e65   0x08005e65   0x00000019   Data   RO         3979    .constdata          system_stm32l0xx.o
    0x08005e7e   0x08005e7e   0x00000008   Data   RO         3980    .constdata          system_stm32l0xx.o
    0x08005e86   0x08005e86   0x00000002   PAD
    0x08005e88   0x08005e88   0x00000020   Data   RO         4042    Region$$Table       anon$$obj.o


    Execution Region RW_IRAM1 (Exec base: 0x20000000, Load base: 0x08005ea8, Size: 0x00000848, Max: 0x00002000, ABSOLUTE)

    Exec Addr    Load Addr    Size         Type   Attr      Idx    E Section Name        Object

    0x20000000   0x08005ea8   0x00000075   Data   RW           69    .data               main.o
    0x20000075   0x08005f1d   0x00000003   PAD
    0x20000078   0x08005f20   0x00000004   Data   RW         2543    .data               stm32l0xx_hal.o
    0x2000007c   0x08005f24   0x00000004   Data   RW         3981    .data               system_stm32l0xx.o
    0x20000080        -       0x000003b0   Zero   RW           67    .bss                main.o
    0x20000430        -       0x00000018   Zero   RW         3380    .bss                stm32l0xx_hal_flash.o
    0x20000448        -       0x00000400   Zero   RW            1    STACK               startup_stm32l031xx.o


==============================================================================

Image component sizes


      Code (inc. data)   RO Data    RW Data    ZI Data      Debug   Object Name

     11084       1066       2201        117        944     403091   main.o
        28          8        192          0       1024        604   startup_stm32l031xx.o
       122         24          0          4          0       3431   stm32l0xx_hal.o
      1024         36          0          0          0       5714   stm32l0xx_hal_adc.o
       178         28          0          0          0      10503   stm32l0xx_hal_cortex.o
       152          4          0          0          0       1167   stm32l0xx_hal_dma.o
       396         54          0          0         24       3502   stm32l0xx_hal_flash.o
       160         24          0          0          0       2545   stm32l0xx_hal_flash_ex.o
       374         32          0          0          0       3470   stm32l0xx_hal_gpio.o
       116         20          0          0          0       1631   stm32l0xx_hal_iwdg.o
       324         52          0          0          0       3366   stm32l0xx_hal_msp.o
        68         12          0          0          0       1083   stm32l0xx_hal_pwr.o
        32          8          0          0          0        981   stm32l0xx_hal_pwr_ex.o
      1676        120          0          0          0       6848   stm32l0xx_hal_rcc.o
       628         42          0          0          0       2725   stm32l0xx_hal_rcc_ex.o
       918         20          0          0          0       6908   stm32l0xx_hal_rtc.o
       442         18          0          0          0       4049   stm32l0xx_hal_rtc_ex.o
       620          0          0          0          0       3326   stm32l0xx_hal_spi.o
       840         12          0          0          0      10105   stm32l0xx_hal_tim.o
        72          0          0          0          0       1100   stm32l0xx_hal_tim_ex.o
      1866         80          0          0          0      11438   stm32l0xx_hal_uart.o
       146          6          0          0          0       1915   stm32l0xx_hal_uart_ex.o
        40          0          0          0          0       2809   stm32l0xx_it.o
        84         18         33          4          0       1127   system_stm32l0xx.o

    ----------------------------------------------------------------------
     21426       1684       2460        128       1992     493438   Object Totals
         0          0         32          0          0          0   (incl. Generated)
        36          0          2          3          0          0   (incl. Padding)

    ----------------------------------------------------------------------

      Code (inc. data)   RO Data    RW Data    ZI Data      Debug   Library Member Name

         0          0          0          0          0          0   entry.o
         0          0          0          0          0          0   entry10a.o
         0          0          0          0          0          0   entry11a.o
         8          4          0          0          0          0   entry2.o
         4          0          0          0          0          0   entry5.o
         0          0          0          0          0          0   entry7b.o
         0          0          0          0          0          0   entry8b.o
         8          4          0          0          0          0   entry9a.o
        30          0          0          0          0          0   handlers.o
        40          0          0          0          0         72   idiv.o
        36          8          0          0          0         68   init.o
        32          0          0          0          0         68   llshl.o
        34          0          0          0          0         68   llushr.o
        14          0          0          0          0         60   strlen.o
        44          0          0          0          0         72   uidiv.o
        96          0          0          0          0         84   uldiv.o

    ----------------------------------------------------------------------
       346         16          0          0          0        492   Library Totals
         0          0          0          0          0          0   (incl. Padding)

    ----------------------------------------------------------------------

      Code (inc. data)   RO Data    RW Data    ZI Data      Debug   Library Name

       346         16          0          0          0        492   mc_p.l

    ----------------------------------------------------------------------
       346         16          0          0          0        492   Library Totals

    ----------------------------------------------------------------------

==============================================================================


      Code (inc. data)   RO Data    RW Data    ZI Data      Debug   

     21772       1700       2460        128       1992     487218   Grand Totals
     21772       1700       2460        128       1992     487218   ELF Image Totals
     21772       1700       2460        128          0          0   ROM Totals

==============================================================================

    Total RO  Size (Code + RO Data)                24232 (  23.66kB)
    Total RW  Size (RW Data + ZI Data)              2120 (   2.07kB)
    Total ROM Size (Code + RO Data + RW Data)      24360 (  23.79kB)

==============================================================================

